main.c:216:5:main	72	static
main.c:336:7:getAltitude	32	static
main.c:342:7:getPitch	40	static
main.c:346:7:getRoll	40	static
main.c:350:7:getYaw	64	static
main.c:359:6:SystemClock_Config	88	static
main.c:418:6:MX_ADC1_Init	24	static
main.c:448:6:MX_TIM2_Init	48	static
main.c:486:6:MX_TIM4_Init	64	static
main.c:525:6:MX_TIM9_Init	24	static
main.c:543:6:MX_USART1_UART_Init	8	static
main.c:567:6:MX_GPIO_Init	40	static
main.c:591:6:HAL_TIM_PeriodElapsedCallback	40	static
main.c:606:13:initializeAllSensors	8	static
main.c:642:6:enableAllSensors	8	static
main.c:658:6:BlueNRG_Init	80	static
main.c:802:13:Init_BlueNRG_Custom_Services	16	static
main.c:833:13:SendMotionData	48	static
main.c:862:13:SendBattEnvData	32	static
main.c:898:13:SendArmingData	8	static
