main.c:209:5:main	32	static
main.c:344:6:HAL_UART_RxCpltCallback	16	static
main.c:354:6:SystemClock_Config	88	static
main.c:413:6:MX_ADC1_Init	24	static
main.c:443:6:MX_TIM2_Init	48	static
main.c:481:6:MX_TIM4_Init	64	static
main.c:520:6:MX_TIM9_Init	24	static
main.c:538:6:MX_USART1_UART_Init	8	static
main.c:562:6:MX_GPIO_Init	40	static
main.c:586:6:HAL_TIM_PeriodElapsedCallback	48	static
main.c:766:13:initializeAllSensors	8	static
main.c:802:6:enableAllSensors	8	static
main.c:818:6:BlueNRG_Init	80	static
main.c:962:13:Init_BlueNRG_Custom_Services	16	static
main.c:993:13:SendMotionData	48	static
main.c:1022:13:SendBattEnvData	32	static
main.c:1058:13:SendArmingData	8	static
