main.c:224:5:main	24	static
main.c:656:6:SystemClock_Config	88	static
main.c:705:6:MX_ADC1_Init	24	static
main.c:775:6:MX_TIM2_Init	48	static
main.c:813:6:MX_TIM4_Init	64	static
main.c:859:6:MX_TIM9_Init	24	static
main.c:877:6:MX_USART1_UART_Init	8	static
main.c:901:6:MX_GPIO_Init	40	static
main.c:931:6:HAL_TIM_PeriodElapsedCallback	48	static
main.c:1110:13:initializeAllSensors	8	static
main.c:1146:6:enableAllSensors	8	static
main.c:1162:6:BlueNRG_Init	80	static
main.c:1306:13:Init_BlueNRG_Custom_Services	16	static
main.c:1337:13:SendMotionData	48	static
main.c:1366:13:SendBattEnvData	32	static
main.c:1406:13:SendArmingData	8	static
main.c:1412:13:MX_I2C2_Init	8	static
main.c:1441:6:Error_Handler	4	static,ignoring_inline_asm
