main.c:224:5:main	80	static
main.c:669:6:SystemClock_Config	88	static
main.c:718:6:MX_ADC1_Init	24	static
main.c:788:6:MX_TIM2_Init	48	static
main.c:826:6:MX_TIM4_Init	64	static
main.c:872:6:MX_TIM9_Init	24	static
main.c:890:6:MX_USART1_UART_Init	8	static
main.c:914:6:MX_GPIO_Init	40	static
main.c:944:6:HAL_TIM_PeriodElapsedCallback	48	static
main.c:1123:13:initializeAllSensors	8	static
main.c:1159:6:enableAllSensors	8	static
main.c:1175:6:BlueNRG_Init	80	static
main.c:1319:13:Init_BlueNRG_Custom_Services	16	static
main.c:1350:13:SendMotionData	48	static
main.c:1379:13:SendBattEnvData	32	static
main.c:1419:13:SendArmingData	8	static
main.c:1425:13:MX_I2C2_Init	8	static
main.c:1454:6:Error_Handler	4	static,ignoring_inline_asm
