07:36:48 **** Clean-only build of configuration Debug for project STEVAL-FCU ****
make clean 
make: *** No rule to make target 'clean'.  Stop.
"make clean" terminated with exit code 2. Build might be incomplete.
07:36:49 **** Build of configuration Debug for project STEVAL-FCU ****
make all 
arm-none-eabi-gcc -c "C:/Users/vlad/Desktop/Hands-on 6/Official release - 170120/Middlewares/ST/STM32_USB_Device_Library/Class/CDC/Src/usbd_cdc.c" -mcpu=cortex-m4 -std=gnu11 -g3 -DUSE_HAL_DRIVER -DSTM32F401xC -DDEBUG -c -I../../../Inc -I../../../Drivers/STM32F4xx_HAL_Driver/Inc -I../../../Drivers/STM32F4xx_HAL_Driver/Inc/Legacy -I../../../Middlewares/ST/STM32_USB_Device_Library/Core/Inc -I../../../Middlewares/ST/STM32_USB_Device_Library/Class/CDC/Inc -I../../../Drivers/CMSIS/Include -I../../../Drivers/CMSIS/Device/ST/STM32F4xx/Include -I../../../Drivers/BSP/Board -I../../../Drivers/BSP/Components/lis3mdl -I../../../Drivers/BSP/Components/lps25hb -I../../../Drivers/BSP/Components/Common -I../../../Drivers/BSP/Components/lsm6dsl -I../../../Drivers/BSP/Components/lps22hb -I../../../Drivers/BSP/Components/lsm303agr -I../../../Drivers/BSP/STEVAL_FCU001_V1 -I../../../Drivers/BSP/Components/lis2mdl -I../../../Middlewares/ST/STM32_BlueNRG/SimpleBlueNRG_HCI/includes -I../../../Drivers/BSP/Components/spbtlerf -O0 -ffunction-sections -fdata-sections -Wall -fstack-usage -MMD -MP -MF"Middlewares/USB_Device_Library/usbd_cdc.d" -MT"Middlewares/USB_Device_Library/usbd_cdc.o" --specs=nano.specs -mfpu=fpv4-sp-d16 -mfloat-abi=hard -mthumb -o "Middlewares/USB_Device_Library/usbd_cdc.o"
arm-none-eabi-gcc -c "C:/Users/vlad/Desktop/Hands-on 6/Official release - 170120/Middlewares/ST/STM32_USB_Device_Library/Core/Src/usbd_core.c" -mcpu=cortex-m4 -std=gnu11 -g3 -DUSE_HAL_DRIVER -DSTM32F401xC -DDEBUG -c -I../../../Inc -I../../../Drivers/STM32F4xx_HAL_Driver/Inc -I../../../Drivers/STM32F4xx_HAL_Driver/Inc/Legacy -I../../../Middlewares/ST/STM32_USB_Device_Library/Core/Inc -I../../../Middlewares/ST/STM32_USB_Device_Library/Class/CDC/Inc -I../../../Drivers/CMSIS/Include -I../../../Drivers/CMSIS/Device/ST/STM32F4xx/Include -I../../../Drivers/BSP/Board -I../../../Drivers/BSP/Components/lis3mdl -I../../../Drivers/BSP/Components/lps25hb -I../../../Drivers/BSP/Components/Common -I../../../Drivers/BSP/Components/lsm6dsl -I../../../Drivers/BSP/Components/lps22hb -I../../../Drivers/BSP/Components/lsm303agr -I../../../Drivers/BSP/STEVAL_FCU001_V1 -I../../../Drivers/BSP/Components/lis2mdl -I../../../Middlewares/ST/STM32_BlueNRG/SimpleBlueNRG_HCI/includes -I../../../Drivers/BSP/Components/spbtlerf -O0 -ffunction-sections -fdata-sections -Wall -fstack-usage -MMD -MP -MF"Middlewares/USB_Device_Library/usbd_core.d" -MT"Middlewares/USB_Device_Library/usbd_core.o" --specs=nano.specs -mfpu=fpv4-sp-d16 -mfloat-abi=hard -mthumb -o "Middlewares/USB_Device_Library/usbd_core.o"
arm-none-eabi-gcc -c "C:/Users/vlad/Desktop/Hands-on 6/Official release - 170120/Middlewares/ST/STM32_USB_Device_Library/Core/Src/usbd_ctlreq.c" -mcpu=cortex-m4 -std=gnu11 -g3 -DUSE_HAL_DRIVER -DSTM32F401xC -DDEBUG -c -I../../../Inc -I../../../Drivers/STM32F4xx_HAL_Driver/Inc -I../../../Drivers/STM32F4xx_HAL_Driver/Inc/Legacy -I../../../Middlewares/ST/STM32_USB_Device_Library/Core/Inc -I../../../Middlewares/ST/STM32_USB_Device_Library/Class/CDC/Inc -I../../../Drivers/CMSIS/Include -I../../../Drivers/CMSIS/Device/ST/STM32F4xx/Include -I../../../Drivers/BSP/Board -I../../../Drivers/BSP/Components/lis3mdl -I../../../Drivers/BSP/Components/lps25hb -I../../../Drivers/BSP/Components/Common -I../../../Drivers/BSP/Components/lsm6dsl -I../../../Drivers/BSP/Components/lps22hb -I../../../Drivers/BSP/Components/lsm303agr -I../../../Drivers/BSP/STEVAL_FCU001_V1 -I../../../Drivers/BSP/Components/lis2mdl -I../../../Middlewares/ST/STM32_BlueNRG/SimpleBlueNRG_HCI/includes -I../../../Drivers/BSP/Components/spbtlerf -O0 -ffunction-sections -fdata-sections -Wall -fstack-usage -MMD -MP -MF"Middlewares/USB_Device_Library/usbd_ctlreq.d" -MT"Middlewares/USB_Device_Library/usbd_ctlreq.o" --specs=nano.specs -mfpu=fpv4-sp-d16 -mfloat-abi=hard -mthumb -o "Middlewares/USB_Device_Library/usbd_ctlreq.o"
arm-none-eabi-gcc -c "C:/Users/vlad/Desktop/Hands-on 6/Official release - 170120/Middlewares/ST/STM32_USB_Device_Library/Core/Src/usbd_ioreq.c" -mcpu=cortex-m4 -std=gnu11 -g3 -DUSE_HAL_DRIVER -DSTM32F401xC -DDEBUG -c -I../../../Inc -I../../../Drivers/STM32F4xx_HAL_Driver/Inc -I../../../Drivers/STM32F4xx_HAL_Driver/Inc/Legacy -I../../../Middlewares/ST/STM32_USB_Device_Library/Core/Inc -I../../../Middlewares/ST/STM32_USB_Device_Library/Class/CDC/Inc -I../../../Drivers/CMSIS/Include -I../../../Drivers/CMSIS/Device/ST/STM32F4xx/Include -I../../../Drivers/BSP/Board -I../../../Drivers/BSP/Components/lis3mdl -I../../../Drivers/BSP/Components/lps25hb -I../../../Drivers/BSP/Components/Common -I../../../Drivers/BSP/Components/lsm6dsl -I../../../Drivers/BSP/Components/lps22hb -I../../../Drivers/BSP/Components/lsm303agr -I../../../Drivers/BSP/STEVAL_FCU001_V1 -I../../../Drivers/BSP/Components/lis2mdl -I../../../Middlewares/ST/STM32_BlueNRG/SimpleBlueNRG_HCI/includes -I../../../Drivers/BSP/Components/spbtlerf -O0 -ffunction-sections -fdata-sections -Wall -fstack-usage -MMD -MP -MF"Middlewares/USB_Device_Library/usbd_ioreq.d" -MT"Middlewares/USB_Device_Library/usbd_ioreq.o" --specs=nano.specs -mfpu=fpv4-sp-d16 -mfloat-abi=hard -mthumb -o "Middlewares/USB_Device_Library/usbd_ioreq.o"
arm-none-eabi-gcc -c "C:/Users/vlad/Desktop/Hands-on 6/Official release - 170120/Middlewares/ST/STM32_BlueNRG/SimpleBlueNRG_HCI/utils/ble_list.c" -mcpu=cortex-m4 -std=gnu11 -g3 -DUSE_HAL_DRIVER -DSTM32F401xC -DDEBUG -c -I../../../Inc -I../../../Drivers/STM32F4xx_HAL_Driver/Inc -I../../../Drivers/STM32F4xx_HAL_Driver/Inc/Legacy -I../../../Middlewares/ST/STM32_USB_Device_Library/Core/Inc -I../../../Middlewares/ST/STM32_USB_Device_Library/Class/CDC/Inc -I../../../Drivers/CMSIS/Include -I../../../Drivers/CMSIS/Device/ST/STM32F4xx/Include -I../../../Drivers/BSP/Board -I../../../Drivers/BSP/Components/lis3mdl -I../../../Drivers/BSP/Components/lps25hb -I../../../Drivers/BSP/Components/Common -I../../../Drivers/BSP/Components/lsm6dsl -I../../../Drivers/BSP/Components/lps22hb -I../../../Drivers/BSP/Components/lsm303agr -I../../../Drivers/BSP/STEVAL_FCU001_V1 -I../../../Drivers/BSP/Components/lis2mdl -I../../../Middlewares/ST/STM32_BlueNRG/SimpleBlueNRG_HCI/includes -I../../../Drivers/BSP/Components/spbtlerf -O0 -ffunction-sections -fdata-sections -Wall -fstack-usage -MMD -MP -MF"Middlewares/STM32_BlueNRG/Utils/ble_list.d" -MT"Middlewares/STM32_BlueNRG/Utils/ble_list.o" --specs=nano.specs -mfpu=fpv4-sp-d16 -mfloat-abi=hard -mthumb -o "Middlewares/STM32_BlueNRG/Utils/ble_list.o"
arm-none-eabi-gcc -c "C:/Users/vlad/Desktop/Hands-on 6/Official release - 170120/Middlewares/ST/STM32_BlueNRG/SimpleBlueNRG_HCI/utils/gp_timer.c" -mcpu=cortex-m4 -std=gnu11 -g3 -DUSE_HAL_DRIVER -DSTM32F401xC -DDEBUG -c -I../../../Inc -I../../../Drivers/STM32F4xx_HAL_Driver/Inc -I../../../Drivers/STM32F4xx_HAL_Driver/Inc/Legacy -I../../../Middlewares/ST/STM32_USB_Device_Library/Core/Inc -I../../../Middlewares/ST/STM32_USB_Device_Library/Class/CDC/Inc -I../../../Drivers/CMSIS/Include -I../../../Drivers/CMSIS/Device/ST/STM32F4xx/Include -I../../../Drivers/BSP/Board -I../../../Drivers/BSP/Components/lis3mdl -I../../../Drivers/BSP/Components/lps25hb -I../../../Drivers/BSP/Components/Common -I../../../Drivers/BSP/Components/lsm6dsl -I../../../Drivers/BSP/Components/lps22hb -I../../../Drivers/BSP/Components/lsm303agr -I../../../Drivers/BSP/STEVAL_FCU001_V1 -I../../../Drivers/BSP/Components/lis2mdl -I../../../Middlewares/ST/STM32_BlueNRG/SimpleBlueNRG_HCI/includes -I../../../Drivers/BSP/Components/spbtlerf -O0 -ffunction-sections -fdata-sections -Wall -fstack-usage -MMD -MP -MF"Middlewares/STM32_BlueNRG/Utils/gp_timer.d" -MT"Middlewares/STM32_BlueNRG/Utils/gp_timer.o" --specs=nano.specs -mfpu=fpv4-sp-d16 -mfloat-abi=hard -mthumb -o "Middlewares/STM32_BlueNRG/Utils/gp_timer.o"
arm-none-eabi-gcc -c "C:/Users/vlad/Desktop/Hands-on 6/Official release - 170120/Middlewares/ST/STM32_BlueNRG/SimpleBlueNRG_HCI/utils/osal.c" -mcpu=cortex-m4 -std=gnu11 -g3 -DUSE_HAL_DRIVER -DSTM32F401xC -DDEBUG -c -I../../../Inc -I../../../Drivers/STM32F4xx_HAL_Driver/Inc -I../../../Drivers/STM32F4xx_HAL_Driver/Inc/Legacy -I../../../Middlewares/ST/STM32_USB_Device_Library/Core/Inc -I../../../Middlewares/ST/STM32_USB_Device_Library/Class/CDC/Inc -I../../../Drivers/CMSIS/Include -I../../../Drivers/CMSIS/Device/ST/STM32F4xx/Include -I../../../Drivers/BSP/Board -I../../../Drivers/BSP/Components/lis3mdl -I../../../Drivers/BSP/Components/lps25hb -I../../../Drivers/BSP/Components/Common -I../../../Drivers/BSP/Components/lsm6dsl -I../../../Drivers/BSP/Components/lps22hb -I../../../Drivers/BSP/Components/lsm303agr -I../../../Drivers/BSP/STEVAL_FCU001_V1 -I../../../Drivers/BSP/Components/lis2mdl -I../../../Middlewares/ST/STM32_BlueNRG/SimpleBlueNRG_HCI/includes -I../../../Drivers/BSP/Components/spbtlerf -O0 -ffunction-sections -fdata-sections -Wall -fstack-usage -MMD -MP -MF"Middlewares/STM32_BlueNRG/Utils/osal.d" -MT"Middlewares/STM32_BlueNRG/Utils/osal.o" --specs=nano.specs -mfpu=fpv4-sp-d16 -mfloat-abi=hard -mthumb -o "Middlewares/STM32_BlueNRG/Utils/osal.o"
arm-none-eabi-gcc -c "C:/Users/vlad/Desktop/Hands-on 6/Official release - 170120/Middlewares/ST/STM32_BlueNRG/Interface/bluenrg_itf_template.c" -mcpu=cortex-m4 -std=gnu11 -g3 -DUSE_HAL_DRIVER -DSTM32F401xC -DDEBUG -c -I../../../Inc -I../../../Drivers/STM32F4xx_HAL_Driver/Inc -I../../../Drivers/STM32F4xx_HAL_Driver/Inc/Legacy -I../../../Middlewares/ST/STM32_USB_Device_Library/Core/Inc -I../../../Middlewares/ST/STM32_USB_Device_Library/Class/CDC/Inc -I../../../Drivers/CMSIS/Include -I../../../Drivers/CMSIS/Device/ST/STM32F4xx/Include -I../../../Drivers/BSP/Board -I../../../Drivers/BSP/Components/lis3mdl -I../../../Drivers/BSP/Components/lps25hb -I../../../Drivers/BSP/Components/Common -I../../../Drivers/BSP/Components/lsm6dsl -I../../../Drivers/BSP/Components/lps22hb -I../../../Drivers/BSP/Components/lsm303agr -I../../../Drivers/BSP/STEVAL_FCU001_V1 -I../../../Drivers/BSP/Components/lis2mdl -I../../../Middlewares/ST/STM32_BlueNRG/SimpleBlueNRG_HCI/includes -I../../../Drivers/BSP/Components/spbtlerf -O0 -ffunction-sections -fdata-sections -Wall -fstack-usage -MMD -MP -MF"Middlewares/STM32_BlueNRG/Interface/bluenrg_itf_template.d" -MT"Middlewares/STM32_BlueNRG/Interface/bluenrg_itf_template.o" --specs=nano.specs -mfpu=fpv4-sp-d16 -mfloat-abi=hard -mthumb -o "Middlewares/STM32_BlueNRG/Interface/bluenrg_itf_template.o"
arm-none-eabi-gcc -c "C:/Users/vlad/Desktop/Hands-on 6/Official release - 170120/Middlewares/ST/STM32_BlueNRG/SimpleBlueNRG_HCI/hci/controller/bluenrg_gap_aci.c" -mcpu=cortex-m4 -std=gnu11 -g3 -DUSE_HAL_DRIVER -DSTM32F401xC -DDEBUG -c -I../../../Inc -I../../../Drivers/STM32F4xx_HAL_Driver/Inc -I../../../Drivers/STM32F4xx_HAL_Driver/Inc/Legacy -I../../../Middlewares/ST/STM32_USB_Device_Library/Core/Inc -I../../../Middlewares/ST/STM32_USB_Device_Library/Class/CDC/Inc -I../../../Drivers/CMSIS/Include -I../../../Drivers/CMSIS/Device/ST/STM32F4xx/Include -I../../../Drivers/BSP/Board -I../../../Drivers/BSP/Components/lis3mdl -I../../../Drivers/BSP/Components/lps25hb -I../../../Drivers/BSP/Components/Common -I../../../Drivers/BSP/Components/lsm6dsl -I../../../Drivers/BSP/Components/lps22hb -I../../../Drivers/BSP/Components/lsm303agr -I../../../Drivers/BSP/STEVAL_FCU001_V1 -I../../../Drivers/BSP/Components/lis2mdl -I../../../Middlewares/ST/STM32_BlueNRG/SimpleBlueNRG_HCI/includes -I../../../Drivers/BSP/Components/spbtlerf -O0 -ffunction-sections -fdata-sections -Wall -fstack-usage -MMD -MP -MF"Middlewares/STM32_BlueNRG/HCI/Controller/bluenrg_gap_aci.d" -MT"Middlewares/STM32_BlueNRG/HCI/Controller/bluenrg_gap_aci.o" --specs=nano.specs -mfpu=fpv4-sp-d16 -mfloat-abi=hard -mthumb -o "Middlewares/STM32_BlueNRG/HCI/Controller/bluenrg_gap_aci.o"
arm-none-eabi-gcc -c "C:/Users/vlad/Desktop/Hands-on 6/Official release - 170120/Middlewares/ST/STM32_BlueNRG/SimpleBlueNRG_HCI/hci/controller/bluenrg_gatt_aci.c" -mcpu=cortex-m4 -std=gnu11 -g3 -DUSE_HAL_DRIVER -DSTM32F401xC -DDEBUG -c -I../../../Inc -I../../../Drivers/STM32F4xx_HAL_Driver/Inc -I../../../Drivers/STM32F4xx_HAL_Driver/Inc/Legacy -I../../../Middlewares/ST/STM32_USB_Device_Library/Core/Inc -I../../../Middlewares/ST/STM32_USB_Device_Library/Class/CDC/Inc -I../../../Drivers/CMSIS/Include -I../../../Drivers/CMSIS/Device/ST/STM32F4xx/Include -I../../../Drivers/BSP/Board -I../../../Drivers/BSP/Components/lis3mdl -I../../../Drivers/BSP/Components/lps25hb -I../../../Drivers/BSP/Components/Common -I../../../Drivers/BSP/Components/lsm6dsl -I../../../Drivers/BSP/Components/lps22hb -I../../../Drivers/BSP/Components/lsm303agr -I../../../Drivers/BSP/STEVAL_FCU001_V1 -I../../../Drivers/BSP/Components/lis2mdl -I../../../Middlewares/ST/STM32_BlueNRG/SimpleBlueNRG_HCI/includes -I../../../Drivers/BSP/Components/spbtlerf -O0 -ffunction-sections -fdata-sections -Wall -fstack-usage -MMD -MP -MF"Middlewares/STM32_BlueNRG/HCI/Controller/bluenrg_gatt_aci.d" -MT"Middlewares/STM32_BlueNRG/HCI/Controller/bluenrg_gatt_aci.o" --specs=nano.specs -mfpu=fpv4-sp-d16 -mfloat-abi=hard -mthumb -o "Middlewares/STM32_BlueNRG/HCI/Controller/bluenrg_gatt_aci.o"
arm-none-eabi-gcc -c "C:/Users/vlad/Desktop/Hands-on 6/Official release - 170120/Middlewares/ST/STM32_BlueNRG/SimpleBlueNRG_HCI/hci/controller/bluenrg_hal_aci.c" -mcpu=cortex-m4 -std=gnu11 -g3 -DUSE_HAL_DRIVER -DSTM32F401xC -DDEBUG -c -I../../../Inc -I../../../Drivers/STM32F4xx_HAL_Driver/Inc -I../../../Drivers/STM32F4xx_HAL_Driver/Inc/Legacy -I../../../Middlewares/ST/STM32_USB_Device_Library/Core/Inc -I../../../Middlewares/ST/STM32_USB_Device_Library/Class/CDC/Inc -I../../../Drivers/CMSIS/Include -I../../../Drivers/CMSIS/Device/ST/STM32F4xx/Include -I../../../Drivers/BSP/Board -I../../../Drivers/BSP/Components/lis3mdl -I../../../Drivers/BSP/Components/lps25hb -I../../../Drivers/BSP/Components/Common -I../../../Drivers/BSP/Components/lsm6dsl -I../../../Drivers/BSP/Components/lps22hb -I../../../Drivers/BSP/Components/lsm303agr -I../../../Drivers/BSP/STEVAL_FCU001_V1 -I../../../Drivers/BSP/Components/lis2mdl -I../../../Middlewares/ST/STM32_BlueNRG/SimpleBlueNRG_HCI/includes -I../../../Drivers/BSP/Components/spbtlerf -O0 -ffunction-sections -fdata-sections -Wall -fstack-usage -MMD -MP -MF"Middlewares/STM32_BlueNRG/HCI/Controller/bluenrg_hal_aci.d" -MT"Middlewares/STM32_BlueNRG/HCI/Controller/bluenrg_hal_aci.o" --specs=nano.specs -mfpu=fpv4-sp-d16 -mfloat-abi=hard -mthumb -o "Middlewares/STM32_BlueNRG/HCI/Controller/bluenrg_hal_aci.o"
arm-none-eabi-gcc -c "C:/Users/vlad/Desktop/Hands-on 6/Official release - 170120/Middlewares/ST/STM32_BlueNRG/SimpleBlueNRG_HCI/hci/controller/bluenrg_l2cap_aci.c" -mcpu=cortex-m4 -std=gnu11 -g3 -DUSE_HAL_DRIVER -DSTM32F401xC -DDEBUG -c -I../../../Inc -I../../../Drivers/STM32F4xx_HAL_Driver/Inc -I../../../Drivers/STM32F4xx_HAL_Driver/Inc/Legacy -I../../../Middlewares/ST/STM32_USB_Device_Library/Core/Inc -I../../../Middlewares/ST/STM32_USB_Device_Library/Class/CDC/Inc -I../../../Drivers/CMSIS/Include -I../../../Drivers/CMSIS/Device/ST/STM32F4xx/Include -I../../../Drivers/BSP/Board -I../../../Drivers/BSP/Components/lis3mdl -I../../../Drivers/BSP/Components/lps25hb -I../../../Drivers/BSP/Components/Common -I../../../Drivers/BSP/Components/lsm6dsl -I../../../Drivers/BSP/Components/lps22hb -I../../../Drivers/BSP/Components/lsm303agr -I../../../Drivers/BSP/STEVAL_FCU001_V1 -I../../../Drivers/BSP/Components/lis2mdl -I../../../Middlewares/ST/STM32_BlueNRG/SimpleBlueNRG_HCI/includes -I../../../Drivers/BSP/Components/spbtlerf -O0 -ffunction-sections -fdata-sections -Wall -fstack-usage -MMD -MP -MF"Middlewares/STM32_BlueNRG/HCI/Controller/bluenrg_l2cap_aci.d" -MT"Middlewares/STM32_BlueNRG/HCI/Controller/bluenrg_l2cap_aci.o" --specs=nano.specs -mfpu=fpv4-sp-d16 -mfloat-abi=hard -mthumb -o "Middlewares/STM32_BlueNRG/HCI/Controller/bluenrg_l2cap_aci.o"
arm-none-eabi-gcc -c "C:/Users/vlad/Desktop/Hands-on 6/Official release - 170120/Middlewares/ST/STM32_BlueNRG/SimpleBlueNRG_HCI/hci/controller/bluenrg_utils.c" -mcpu=cortex-m4 -std=gnu11 -g3 -DUSE_HAL_DRIVER -DSTM32F401xC -DDEBUG -c -I../../../Inc -I../../../Drivers/STM32F4xx_HAL_Driver/Inc -I../../../Drivers/STM32F4xx_HAL_Driver/Inc/Legacy -I../../../Middlewares/ST/STM32_USB_Device_Library/Core/Inc -I../../../Middlewares/ST/STM32_USB_Device_Library/Class/CDC/Inc -I../../../Drivers/CMSIS/Include -I../../../Drivers/CMSIS/Device/ST/STM32F4xx/Include -I../../../Drivers/BSP/Board -I../../../Drivers/BSP/Components/lis3mdl -I../../../Drivers/BSP/Components/lps25hb -I../../../Drivers/BSP/Components/Common -I../../../Drivers/BSP/Components/lsm6dsl -I../../../Drivers/BSP/Components/lps22hb -I../../../Drivers/BSP/Components/lsm303agr -I../../../Drivers/BSP/STEVAL_FCU001_V1 -I../../../Drivers/BSP/Components/lis2mdl -I../../../Middlewares/ST/STM32_BlueNRG/SimpleBlueNRG_HCI/includes -I../../../Drivers/BSP/Components/spbtlerf -O0 -ffunction-sections -fdata-sections -Wall -fstack-usage -MMD -MP -MF"Middlewares/STM32_BlueNRG/HCI/Controller/bluenrg_utils.d" -MT"Middlewares/STM32_BlueNRG/HCI/Controller/bluenrg_utils.o" --specs=nano.specs -mfpu=fpv4-sp-d16 -mfloat-abi=hard -mthumb -o "Middlewares/STM32_BlueNRG/HCI/Controller/bluenrg_utils.o"
arm-none-eabi-gcc -c "C:/Users/vlad/Desktop/Hands-on 6/Official release - 170120/Middlewares/ST/STM32_BlueNRG/SimpleBlueNRG_HCI/hci/hci.c" -mcpu=cortex-m4 -std=gnu11 -g3 -DUSE_HAL_DRIVER -DSTM32F401xC -DDEBUG -c -I../../../Inc -I../../../Drivers/STM32F4xx_HAL_Driver/Inc -I../../../Drivers/STM32F4xx_HAL_Driver/Inc/Legacy -I../../../Middlewares/ST/STM32_USB_Device_Library/Core/Inc -I../../../Middlewares/ST/STM32_USB_Device_Library/Class/CDC/Inc -I../../../Drivers/CMSIS/Include -I../../../Drivers/CMSIS/Device/ST/STM32F4xx/Include -I../../../Drivers/BSP/Board -I../../../Drivers/BSP/Components/lis3mdl -I../../../Drivers/BSP/Components/lps25hb -I../../../Drivers/BSP/Components/Common -I../../../Drivers/BSP/Components/lsm6dsl -I../../../Drivers/BSP/Components/lps22hb -I../../../Drivers/BSP/Components/lsm303agr -I../../../Drivers/BSP/STEVAL_FCU001_V1 -I../../../Drivers/BSP/Components/lis2mdl -I../../../Middlewares/ST/STM32_BlueNRG/SimpleBlueNRG_HCI/includes -I../../../Drivers/BSP/Components/spbtlerf -O0 -ffunction-sections -fdata-sections -Wall -fstack-usage -MMD -MP -MF"Middlewares/STM32_BlueNRG/HCI/hci.d" -MT"Middlewares/STM32_BlueNRG/HCI/hci.o" --specs=nano.specs -mfpu=fpv4-sp-d16 -mfloat-abi=hard -mthumb -o "Middlewares/STM32_BlueNRG/HCI/hci.o"
arm-none-eabi-gcc -c "C:/Users/vlad/Desktop/Hands-on 6/Official release - 170120/Drivers/STM32F4xx_HAL_Driver/Src/stm32f4xx_hal.c" -mcpu=cortex-m4 -std=gnu11 -g3 -DUSE_HAL_DRIVER -DSTM32F401xC -DDEBUG -c -I../../../Inc -I../../../Drivers/STM32F4xx_HAL_Driver/Inc -I../../../Drivers/STM32F4xx_HAL_Driver/Inc/Legacy -I../../../Middlewares/ST/STM32_USB_Device_Library/Core/Inc -I../../../Middlewares/ST/STM32_USB_Device_Library/Class/CDC/Inc -I../../../Drivers/CMSIS/Include -I../../../Drivers/CMSIS/Device/ST/STM32F4xx/Include -I../../../Drivers/BSP/Board -I../../../Drivers/BSP/Components/lis3mdl -I../../../Drivers/BSP/Components/lps25hb -I../../../Drivers/BSP/Components/Common -I../../../Drivers/BSP/Components/lsm6dsl -I../../../Drivers/BSP/Components/lps22hb -I../../../Drivers/BSP/Components/lsm303agr -I../../../Drivers/BSP/STEVAL_FCU001_V1 -I../../../Drivers/BSP/Components/lis2mdl -I../../../Middlewares/ST/STM32_BlueNRG/SimpleBlueNRG_HCI/includes -I../../../Drivers/BSP/Components/spbtlerf -O0 -ffunction-sections -fdata-sections -Wall -fstack-usage -MMD -MP -MF"Drivers/STM32F4xx_HAL_Driver/stm32f4xx_hal.d" -MT"Drivers/STM32F4xx_HAL_Driver/stm32f4xx_hal.o" --specs=nano.specs -mfpu=fpv4-sp-d16 -mfloat-abi=hard -mthumb -o "Drivers/STM32F4xx_HAL_Driver/stm32f4xx_hal.o"
arm-none-eabi-gcc -c "C:/Users/vlad/Desktop/Hands-on 6/Official release - 170120/Drivers/STM32F4xx_HAL_Driver/Src/stm32f4xx_hal_adc.c" -mcpu=cortex-m4 -std=gnu11 -g3 -DUSE_HAL_DRIVER -DSTM32F401xC -DDEBUG -c -I../../../Inc -I../../../Drivers/STM32F4xx_HAL_Driver/Inc -I../../../Drivers/STM32F4xx_HAL_Driver/Inc/Legacy -I../../../Middlewares/ST/STM32_USB_Device_Library/Core/Inc -I../../../Middlewares/ST/STM32_USB_Device_Library/Class/CDC/Inc -I../../../Drivers/CMSIS/Include -I../../../Drivers/CMSIS/Device/ST/STM32F4xx/Include -I../../../Drivers/BSP/Board -I../../../Drivers/BSP/Components/lis3mdl -I../../../Drivers/BSP/Components/lps25hb -I../../../Drivers/BSP/Components/Common -I../../../Drivers/BSP/Components/lsm6dsl -I../../../Drivers/BSP/Components/lps22hb -I../../../Drivers/BSP/Components/lsm303agr -I../../../Drivers/BSP/STEVAL_FCU001_V1 -I../../../Drivers/BSP/Components/lis2mdl -I../../../Middlewares/ST/STM32_BlueNRG/SimpleBlueNRG_HCI/includes -I../../../Drivers/BSP/Components/spbtlerf -O0 -ffunction-sections -fdata-sections -Wall -fstack-usage -MMD -MP -MF"Drivers/STM32F4xx_HAL_Driver/stm32f4xx_hal_adc.d" -MT"Drivers/STM32F4xx_HAL_Driver/stm32f4xx_hal_adc.o" --specs=nano.specs -mfpu=fpv4-sp-d16 -mfloat-abi=hard -mthumb -o "Drivers/STM32F4xx_HAL_Driver/stm32f4xx_hal_adc.o"
arm-none-eabi-gcc -c "C:/Users/vlad/Desktop/Hands-on 6/Official release - 170120/Drivers/STM32F4xx_HAL_Driver/Src/stm32f4xx_hal_adc_ex.c" -mcpu=cortex-m4 -std=gnu11 -g3 -DUSE_HAL_DRIVER -DSTM32F401xC -DDEBUG -c -I../../../Inc -I../../../Drivers/STM32F4xx_HAL_Driver/Inc -I../../../Drivers/STM32F4xx_HAL_Driver/Inc/Legacy -I../../../Middlewares/ST/STM32_USB_Device_Library/Core/Inc -I../../../Middlewares/ST/STM32_USB_Device_Library/Class/CDC/Inc -I../../../Drivers/CMSIS/Include -I../../../Drivers/CMSIS/Device/ST/STM32F4xx/Include -I../../../Drivers/BSP/Board -I../../../Drivers/BSP/Components/lis3mdl -I../../../Drivers/BSP/Components/lps25hb -I../../../Drivers/BSP/Components/Common -I../../../Drivers/BSP/Components/lsm6dsl -I../../../Drivers/BSP/Components/lps22hb -I../../../Drivers/BSP/Components/lsm303agr -I../../../Drivers/BSP/STEVAL_FCU001_V1 -I../../../Drivers/BSP/Components/lis2mdl -I../../../Middlewares/ST/STM32_BlueNRG/SimpleBlueNRG_HCI/includes -I../../../Drivers/BSP/Components/spbtlerf -O0 -ffunction-sections -fdata-sections -Wall -fstack-usage -MMD -MP -MF"Drivers/STM32F4xx_HAL_Driver/stm32f4xx_hal_adc_ex.d" -MT"Drivers/STM32F4xx_HAL_Driver/stm32f4xx_hal_adc_ex.o" --specs=nano.specs -mfpu=fpv4-sp-d16 -mfloat-abi=hard -mthumb -o "Drivers/STM32F4xx_HAL_Driver/stm32f4xx_hal_adc_ex.o"
arm-none-eabi-gcc -c "C:/Users/vlad/Desktop/Hands-on 6/Official release - 170120/Drivers/STM32F4xx_HAL_Driver/Src/stm32f4xx_hal_cortex.c" -mcpu=cortex-m4 -std=gnu11 -g3 -DUSE_HAL_DRIVER -DSTM32F401xC -DDEBUG -c -I../../../Inc -I../../../Drivers/STM32F4xx_HAL_Driver/Inc -I../../../Drivers/STM32F4xx_HAL_Driver/Inc/Legacy -I../../../Middlewares/ST/STM32_USB_Device_Library/Core/Inc -I../../../Middlewares/ST/STM32_USB_Device_Library/Class/CDC/Inc -I../../../Drivers/CMSIS/Include -I../../../Drivers/CMSIS/Device/ST/STM32F4xx/Include -I../../../Drivers/BSP/Board -I../../../Drivers/BSP/Components/lis3mdl -I../../../Drivers/BSP/Components/lps25hb -I../../../Drivers/BSP/Components/Common -I../../../Drivers/BSP/Components/lsm6dsl -I../../../Drivers/BSP/Components/lps22hb -I../../../Drivers/BSP/Components/lsm303agr -I../../../Drivers/BSP/STEVAL_FCU001_V1 -I../../../Drivers/BSP/Components/lis2mdl -I../../../Middlewares/ST/STM32_BlueNRG/SimpleBlueNRG_HCI/includes -I../../../Drivers/BSP/Components/spbtlerf -O0 -ffunction-sections -fdata-sections -Wall -fstack-usage -MMD -MP -MF"Drivers/STM32F4xx_HAL_Driver/stm32f4xx_hal_cortex.d" -MT"Drivers/STM32F4xx_HAL_Driver/stm32f4xx_hal_cortex.o" --specs=nano.specs -mfpu=fpv4-sp-d16 -mfloat-abi=hard -mthumb -o "Drivers/STM32F4xx_HAL_Driver/stm32f4xx_hal_cortex.o"
arm-none-eabi-gcc -c "C:/Users/vlad/Desktop/Hands-on 6/Official release - 170120/Drivers/STM32F4xx_HAL_Driver/Src/stm32f4xx_hal_dma.c" -mcpu=cortex-m4 -std=gnu11 -g3 -DUSE_HAL_DRIVER -DSTM32F401xC -DDEBUG -c -I../../../Inc -I../../../Drivers/STM32F4xx_HAL_Driver/Inc -I../../../Drivers/STM32F4xx_HAL_Driver/Inc/Legacy -I../../../Middlewares/ST/STM32_USB_Device_Library/Core/Inc -I../../../Middlewares/ST/STM32_USB_Device_Library/Class/CDC/Inc -I../../../Drivers/CMSIS/Include -I../../../Drivers/CMSIS/Device/ST/STM32F4xx/Include -I../../../Drivers/BSP/Board -I../../../Drivers/BSP/Components/lis3mdl -I../../../Drivers/BSP/Components/lps25hb -I../../../Drivers/BSP/Components/Common -I../../../Drivers/BSP/Components/lsm6dsl -I../../../Drivers/BSP/Components/lps22hb -I../../../Drivers/BSP/Components/lsm303agr -I../../../Drivers/BSP/STEVAL_FCU001_V1 -I../../../Drivers/BSP/Components/lis2mdl -I../../../Middlewares/ST/STM32_BlueNRG/SimpleBlueNRG_HCI/includes -I../../../Drivers/BSP/Components/spbtlerf -O0 -ffunction-sections -fdata-sections -Wall -fstack-usage -MMD -MP -MF"Drivers/STM32F4xx_HAL_Driver/stm32f4xx_hal_dma.d" -MT"Drivers/STM32F4xx_HAL_Driver/stm32f4xx_hal_dma.o" --specs=nano.specs -mfpu=fpv4-sp-d16 -mfloat-abi=hard -mthumb -o "Drivers/STM32F4xx_HAL_Driver/stm32f4xx_hal_dma.o"
arm-none-eabi-gcc -c "C:/Users/vlad/Desktop/Hands-on 6/Official release - 170120/Drivers/STM32F4xx_HAL_Driver/Src/stm32f4xx_hal_dma_ex.c" -mcpu=cortex-m4 -std=gnu11 -g3 -DUSE_HAL_DRIVER -DSTM32F401xC -DDEBUG -c -I../../../Inc -I../../../Drivers/STM32F4xx_HAL_Driver/Inc -I../../../Drivers/STM32F4xx_HAL_Driver/Inc/Legacy -I../../../Middlewares/ST/STM32_USB_Device_Library/Core/Inc -I../../../Middlewares/ST/STM32_USB_Device_Library/Class/CDC/Inc -I../../../Drivers/CMSIS/Include -I../../../Drivers/CMSIS/Device/ST/STM32F4xx/Include -I../../../Drivers/BSP/Board -I../../../Drivers/BSP/Components/lis3mdl -I../../../Drivers/BSP/Components/lps25hb -I../../../Drivers/BSP/Components/Common -I../../../Drivers/BSP/Components/lsm6dsl -I../../../Drivers/BSP/Components/lps22hb -I../../../Drivers/BSP/Components/lsm303agr -I../../../Drivers/BSP/STEVAL_FCU001_V1 -I../../../Drivers/BSP/Components/lis2mdl -I../../../Middlewares/ST/STM32_BlueNRG/SimpleBlueNRG_HCI/includes -I../../../Drivers/BSP/Components/spbtlerf -O0 -ffunction-sections -fdata-sections -Wall -fstack-usage -MMD -MP -MF"Drivers/STM32F4xx_HAL_Driver/stm32f4xx_hal_dma_ex.d" -MT"Drivers/STM32F4xx_HAL_Driver/stm32f4xx_hal_dma_ex.o" --specs=nano.specs -mfpu=fpv4-sp-d16 -mfloat-abi=hard -mthumb -o "Drivers/STM32F4xx_HAL_Driver/stm32f4xx_hal_dma_ex.o"
arm-none-eabi-gcc -c "C:/Users/vlad/Desktop/Hands-on 6/Official release - 170120/Drivers/STM32F4xx_HAL_Driver/Src/stm32f4xx_hal_flash.c" -mcpu=cortex-m4 -std=gnu11 -g3 -DUSE_HAL_DRIVER -DSTM32F401xC -DDEBUG -c -I../../../Inc -I../../../Drivers/STM32F4xx_HAL_Driver/Inc -I../../../Drivers/STM32F4xx_HAL_Driver/Inc/Legacy -I../../../Middlewares/ST/STM32_USB_Device_Library/Core/Inc -I../../../Middlewares/ST/STM32_USB_Device_Library/Class/CDC/Inc -I../../../Drivers/CMSIS/Include -I../../../Drivers/CMSIS/Device/ST/STM32F4xx/Include -I../../../Drivers/BSP/Board -I../../../Drivers/BSP/Components/lis3mdl -I../../../Drivers/BSP/Components/lps25hb -I../../../Drivers/BSP/Components/Common -I../../../Drivers/BSP/Components/lsm6dsl -I../../../Drivers/BSP/Components/lps22hb -I../../../Drivers/BSP/Components/lsm303agr -I../../../Drivers/BSP/STEVAL_FCU001_V1 -I../../../Drivers/BSP/Components/lis2mdl -I../../../Middlewares/ST/STM32_BlueNRG/SimpleBlueNRG_HCI/includes -I../../../Drivers/BSP/Components/spbtlerf -O0 -ffunction-sections -fdata-sections -Wall -fstack-usage -MMD -MP -MF"Drivers/STM32F4xx_HAL_Driver/stm32f4xx_hal_flash.d" -MT"Drivers/STM32F4xx_HAL_Driver/stm32f4xx_hal_flash.o" --specs=nano.specs -mfpu=fpv4-sp-d16 -mfloat-abi=hard -mthumb -o "Drivers/STM32F4xx_HAL_Driver/stm32f4xx_hal_flash.o"
arm-none-eabi-gcc -c "C:/Users/vlad/Desktop/Hands-on 6/Official release - 170120/Drivers/STM32F4xx_HAL_Driver/Src/stm32f4xx_hal_flash_ex.c" -mcpu=cortex-m4 -std=gnu11 -g3 -DUSE_HAL_DRIVER -DSTM32F401xC -DDEBUG -c -I../../../Inc -I../../../Drivers/STM32F4xx_HAL_Driver/Inc -I../../../Drivers/STM32F4xx_HAL_Driver/Inc/Legacy -I../../../Middlewares/ST/STM32_USB_Device_Library/Core/Inc -I../../../Middlewares/ST/STM32_USB_Device_Library/Class/CDC/Inc -I../../../Drivers/CMSIS/Include -I../../../Drivers/CMSIS/Device/ST/STM32F4xx/Include -I../../../Drivers/BSP/Board -I../../../Drivers/BSP/Components/lis3mdl -I../../../Drivers/BSP/Components/lps25hb -I../../../Drivers/BSP/Components/Common -I../../../Drivers/BSP/Components/lsm6dsl -I../../../Drivers/BSP/Components/lps22hb -I../../../Drivers/BSP/Components/lsm303agr -I../../../Drivers/BSP/STEVAL_FCU001_V1 -I../../../Drivers/BSP/Components/lis2mdl -I../../../Middlewares/ST/STM32_BlueNRG/SimpleBlueNRG_HCI/includes -I../../../Drivers/BSP/Components/spbtlerf -O0 -ffunction-sections -fdata-sections -Wall -fstack-usage -MMD -MP -MF"Drivers/STM32F4xx_HAL_Driver/stm32f4xx_hal_flash_ex.d" -MT"Drivers/STM32F4xx_HAL_Driver/stm32f4xx_hal_flash_ex.o" --specs=nano.specs -mfpu=fpv4-sp-d16 -mfloat-abi=hard -mthumb -o "Drivers/STM32F4xx_HAL_Driver/stm32f4xx_hal_flash_ex.o"
arm-none-eabi-gcc -c "C:/Users/vlad/Desktop/Hands-on 6/Official release - 170120/Drivers/STM32F4xx_HAL_Driver/Src/stm32f4xx_hal_flash_ramfunc.c" -mcpu=cortex-m4 -std=gnu11 -g3 -DUSE_HAL_DRIVER -DSTM32F401xC -DDEBUG -c -I../../../Inc -I../../../Drivers/STM32F4xx_HAL_Driver/Inc -I../../../Drivers/STM32F4xx_HAL_Driver/Inc/Legacy -I../../../Middlewares/ST/STM32_USB_Device_Library/Core/Inc -I../../../Middlewares/ST/STM32_USB_Device_Library/Class/CDC/Inc -I../../../Drivers/CMSIS/Include -I../../../Drivers/CMSIS/Device/ST/STM32F4xx/Include -I../../../Drivers/BSP/Board -I../../../Drivers/BSP/Components/lis3mdl -I../../../Drivers/BSP/Components/lps25hb -I../../../Drivers/BSP/Components/Common -I../../../Drivers/BSP/Components/lsm6dsl -I../../../Drivers/BSP/Components/lps22hb -I../../../Drivers/BSP/Components/lsm303agr -I../../../Drivers/BSP/STEVAL_FCU001_V1 -I../../../Drivers/BSP/Components/lis2mdl -I../../../Middlewares/ST/STM32_BlueNRG/SimpleBlueNRG_HCI/includes -I../../../Drivers/BSP/Components/spbtlerf -O0 -ffunction-sections -fdata-sections -Wall -fstack-usage -MMD -MP -MF"Drivers/STM32F4xx_HAL_Driver/stm32f4xx_hal_flash_ramfunc.d" -MT"Drivers/STM32F4xx_HAL_Driver/stm32f4xx_hal_flash_ramfunc.o" --specs=nano.specs -mfpu=fpv4-sp-d16 -mfloat-abi=hard -mthumb -o "Drivers/STM32F4xx_HAL_Driver/stm32f4xx_hal_flash_ramfunc.o"
arm-none-eabi-gcc -c "C:/Users/vlad/Desktop/Hands-on 6/Official release - 170120/Drivers/STM32F4xx_HAL_Driver/Src/stm32f4xx_hal_gpio.c" -mcpu=cortex-m4 -std=gnu11 -g3 -DUSE_HAL_DRIVER -DSTM32F401xC -DDEBUG -c -I../../../Inc -I../../../Drivers/STM32F4xx_HAL_Driver/Inc -I../../../Drivers/STM32F4xx_HAL_Driver/Inc/Legacy -I../../../Middlewares/ST/STM32_USB_Device_Library/Core/Inc -I../../../Middlewares/ST/STM32_USB_Device_Library/Class/CDC/Inc -I../../../Drivers/CMSIS/Include -I../../../Drivers/CMSIS/Device/ST/STM32F4xx/Include -I../../../Drivers/BSP/Board -I../../../Drivers/BSP/Components/lis3mdl -I../../../Drivers/BSP/Components/lps25hb -I../../../Drivers/BSP/Components/Common -I../../../Drivers/BSP/Components/lsm6dsl -I../../../Drivers/BSP/Components/lps22hb -I../../../Drivers/BSP/Components/lsm303agr -I../../../Drivers/BSP/STEVAL_FCU001_V1 -I../../../Drivers/BSP/Components/lis2mdl -I../../../Middlewares/ST/STM32_BlueNRG/SimpleBlueNRG_HCI/includes -I../../../Drivers/BSP/Components/spbtlerf -O0 -ffunction-sections -fdata-sections -Wall -fstack-usage -MMD -MP -MF"Drivers/STM32F4xx_HAL_Driver/stm32f4xx_hal_gpio.d" -MT"Drivers/STM32F4xx_HAL_Driver/stm32f4xx_hal_gpio.o" --specs=nano.specs -mfpu=fpv4-sp-d16 -mfloat-abi=hard -mthumb -o "Drivers/STM32F4xx_HAL_Driver/stm32f4xx_hal_gpio.o"
arm-none-eabi-gcc -c "C:/Users/vlad/Desktop/Hands-on 6/Official release - 170120/Drivers/STM32F4xx_HAL_Driver/Src/stm32f4xx_hal_pcd.c" -mcpu=cortex-m4 -std=gnu11 -g3 -DUSE_HAL_DRIVER -DSTM32F401xC -DDEBUG -c -I../../../Inc -I../../../Drivers/STM32F4xx_HAL_Driver/Inc -I../../../Drivers/STM32F4xx_HAL_Driver/Inc/Legacy -I../../../Middlewares/ST/STM32_USB_Device_Library/Core/Inc -I../../../Middlewares/ST/STM32_USB_Device_Library/Class/CDC/Inc -I../../../Drivers/CMSIS/Include -I../../../Drivers/CMSIS/Device/ST/STM32F4xx/Include -I../../../Drivers/BSP/Board -I../../../Drivers/BSP/Components/lis3mdl -I../../../Drivers/BSP/Components/lps25hb -I../../../Drivers/BSP/Components/Common -I../../../Drivers/BSP/Components/lsm6dsl -I../../../Drivers/BSP/Components/lps22hb -I../../../Drivers/BSP/Components/lsm303agr -I../../../Drivers/BSP/STEVAL_FCU001_V1 -I../../../Drivers/BSP/Components/lis2mdl -I../../../Middlewares/ST/STM32_BlueNRG/SimpleBlueNRG_HCI/includes -I../../../Drivers/BSP/Components/spbtlerf -O0 -ffunction-sections -fdata-sections -Wall -fstack-usage -MMD -MP -MF"Drivers/STM32F4xx_HAL_Driver/stm32f4xx_hal_pcd.d" -MT"Drivers/STM32F4xx_HAL_Driver/stm32f4xx_hal_pcd.o" --specs=nano.specs -mfpu=fpv4-sp-d16 -mfloat-abi=hard -mthumb -o "Drivers/STM32F4xx_HAL_Driver/stm32f4xx_hal_pcd.o"
arm-none-eabi-gcc -c "C:/Users/vlad/Desktop/Hands-on 6/Official release - 170120/Drivers/STM32F4xx_HAL_Driver/Src/stm32f4xx_hal_pcd_ex.c" -mcpu=cortex-m4 -std=gnu11 -g3 -DUSE_HAL_DRIVER -DSTM32F401xC -DDEBUG -c -I../../../Inc -I../../../Drivers/STM32F4xx_HAL_Driver/Inc -I../../../Drivers/STM32F4xx_HAL_Driver/Inc/Legacy -I../../../Middlewares/ST/STM32_USB_Device_Library/Core/Inc -I../../../Middlewares/ST/STM32_USB_Device_Library/Class/CDC/Inc -I../../../Drivers/CMSIS/Include -I../../../Drivers/CMSIS/Device/ST/STM32F4xx/Include -I../../../Drivers/BSP/Board -I../../../Drivers/BSP/Components/lis3mdl -I../../../Drivers/BSP/Components/lps25hb -I../../../Drivers/BSP/Components/Common -I../../../Drivers/BSP/Components/lsm6dsl -I../../../Drivers/BSP/Components/lps22hb -I../../../Drivers/BSP/Components/lsm303agr -I../../../Drivers/BSP/STEVAL_FCU001_V1 -I../../../Drivers/BSP/Components/lis2mdl -I../../../Middlewares/ST/STM32_BlueNRG/SimpleBlueNRG_HCI/includes -I../../../Drivers/BSP/Components/spbtlerf -O0 -ffunction-sections -fdata-sections -Wall -fstack-usage -MMD -MP -MF"Drivers/STM32F4xx_HAL_Driver/stm32f4xx_hal_pcd_ex.d" -MT"Drivers/STM32F4xx_HAL_Driver/stm32f4xx_hal_pcd_ex.o" --specs=nano.specs -mfpu=fpv4-sp-d16 -mfloat-abi=hard -mthumb -o "Drivers/STM32F4xx_HAL_Driver/stm32f4xx_hal_pcd_ex.o"
arm-none-eabi-gcc -c "C:/Users/vlad/Desktop/Hands-on 6/Official release - 170120/Drivers/STM32F4xx_HAL_Driver/Src/stm32f4xx_hal_pwr.c" -mcpu=cortex-m4 -std=gnu11 -g3 -DUSE_HAL_DRIVER -DSTM32F401xC -DDEBUG -c -I../../../Inc -I../../../Drivers/STM32F4xx_HAL_Driver/Inc -I../../../Drivers/STM32F4xx_HAL_Driver/Inc/Legacy -I../../../Middlewares/ST/STM32_USB_Device_Library/Core/Inc -I../../../Middlewares/ST/STM32_USB_Device_Library/Class/CDC/Inc -I../../../Drivers/CMSIS/Include -I../../../Drivers/CMSIS/Device/ST/STM32F4xx/Include -I../../../Drivers/BSP/Board -I../../../Drivers/BSP/Components/lis3mdl -I../../../Drivers/BSP/Components/lps25hb -I../../../Drivers/BSP/Components/Common -I../../../Drivers/BSP/Components/lsm6dsl -I../../../Drivers/BSP/Components/lps22hb -I../../../Drivers/BSP/Components/lsm303agr -I../../../Drivers/BSP/STEVAL_FCU001_V1 -I../../../Drivers/BSP/Components/lis2mdl -I../../../Middlewares/ST/STM32_BlueNRG/SimpleBlueNRG_HCI/includes -I../../../Drivers/BSP/Components/spbtlerf -O0 -ffunction-sections -fdata-sections -Wall -fstack-usage -MMD -MP -MF"Drivers/STM32F4xx_HAL_Driver/stm32f4xx_hal_pwr.d" -MT"Drivers/STM32F4xx_HAL_Driver/stm32f4xx_hal_pwr.o" --specs=nano.specs -mfpu=fpv4-sp-d16 -mfloat-abi=hard -mthumb -o "Drivers/STM32F4xx_HAL_Driver/stm32f4xx_hal_pwr.o"
arm-none-eabi-gcc -c "C:/Users/vlad/Desktop/Hands-on 6/Official release - 170120/Drivers/STM32F4xx_HAL_Driver/Src/stm32f4xx_hal_pwr_ex.c" -mcpu=cortex-m4 -std=gnu11 -g3 -DUSE_HAL_DRIVER -DSTM32F401xC -DDEBUG -c -I../../../Inc -I../../../Drivers/STM32F4xx_HAL_Driver/Inc -I../../../Drivers/STM32F4xx_HAL_Driver/Inc/Legacy -I../../../Middlewares/ST/STM32_USB_Device_Library/Core/Inc -I../../../Middlewares/ST/STM32_USB_Device_Library/Class/CDC/Inc -I../../../Drivers/CMSIS/Include -I../../../Drivers/CMSIS/Device/ST/STM32F4xx/Include -I../../../Drivers/BSP/Board -I../../../Drivers/BSP/Components/lis3mdl -I../../../Drivers/BSP/Components/lps25hb -I../../../Drivers/BSP/Components/Common -I../../../Drivers/BSP/Components/lsm6dsl -I../../../Drivers/BSP/Components/lps22hb -I../../../Drivers/BSP/Components/lsm303agr -I../../../Drivers/BSP/STEVAL_FCU001_V1 -I../../../Drivers/BSP/Components/lis2mdl -I../../../Middlewares/ST/STM32_BlueNRG/SimpleBlueNRG_HCI/includes -I../../../Drivers/BSP/Components/spbtlerf -O0 -ffunction-sections -fdata-sections -Wall -fstack-usage -MMD -MP -MF"Drivers/STM32F4xx_HAL_Driver/stm32f4xx_hal_pwr_ex.d" -MT"Drivers/STM32F4xx_HAL_Driver/stm32f4xx_hal_pwr_ex.o" --specs=nano.specs -mfpu=fpv4-sp-d16 -mfloat-abi=hard -mthumb -o "Drivers/STM32F4xx_HAL_Driver/stm32f4xx_hal_pwr_ex.o"
arm-none-eabi-gcc -c "C:/Users/vlad/Desktop/Hands-on 6/Official release - 170120/Drivers/STM32F4xx_HAL_Driver/Src/stm32f4xx_hal_rcc.c" -mcpu=cortex-m4 -std=gnu11 -g3 -DUSE_HAL_DRIVER -DSTM32F401xC -DDEBUG -c -I../../../Inc -I../../../Drivers/STM32F4xx_HAL_Driver/Inc -I../../../Drivers/STM32F4xx_HAL_Driver/Inc/Legacy -I../../../Middlewares/ST/STM32_USB_Device_Library/Core/Inc -I../../../Middlewares/ST/STM32_USB_Device_Library/Class/CDC/Inc -I../../../Drivers/CMSIS/Include -I../../../Drivers/CMSIS/Device/ST/STM32F4xx/Include -I../../../Drivers/BSP/Board -I../../../Drivers/BSP/Components/lis3mdl -I../../../Drivers/BSP/Components/lps25hb -I../../../Drivers/BSP/Components/Common -I../../../Drivers/BSP/Components/lsm6dsl -I../../../Drivers/BSP/Components/lps22hb -I../../../Drivers/BSP/Components/lsm303agr -I../../../Drivers/BSP/STEVAL_FCU001_V1 -I../../../Drivers/BSP/Components/lis2mdl -I../../../Middlewares/ST/STM32_BlueNRG/SimpleBlueNRG_HCI/includes -I../../../Drivers/BSP/Components/spbtlerf -O0 -ffunction-sections -fdata-sections -Wall -fstack-usage -MMD -MP -MF"Drivers/STM32F4xx_HAL_Driver/stm32f4xx_hal_rcc.d" -MT"Drivers/STM32F4xx_HAL_Driver/stm32f4xx_hal_rcc.o" --specs=nano.specs -mfpu=fpv4-sp-d16 -mfloat-abi=hard -mthumb -o "Drivers/STM32F4xx_HAL_Driver/stm32f4xx_hal_rcc.o"
arm-none-eabi-gcc -c "C:/Users/vlad/Desktop/Hands-on 6/Official release - 170120/Drivers/STM32F4xx_HAL_Driver/Src/stm32f4xx_hal_rcc_ex.c" -mcpu=cortex-m4 -std=gnu11 -g3 -DUSE_HAL_DRIVER -DSTM32F401xC -DDEBUG -c -I../../../Inc -I../../../Drivers/STM32F4xx_HAL_Driver/Inc -I../../../Drivers/STM32F4xx_HAL_Driver/Inc/Legacy -I../../../Middlewares/ST/STM32_USB_Device_Library/Core/Inc -I../../../Middlewares/ST/STM32_USB_Device_Library/Class/CDC/Inc -I../../../Drivers/CMSIS/Include -I../../../Drivers/CMSIS/Device/ST/STM32F4xx/Include -I../../../Drivers/BSP/Board -I../../../Drivers/BSP/Components/lis3mdl -I../../../Drivers/BSP/Components/lps25hb -I../../../Drivers/BSP/Components/Common -I../../../Drivers/BSP/Components/lsm6dsl -I../../../Drivers/BSP/Components/lps22hb -I../../../Drivers/BSP/Components/lsm303agr -I../../../Drivers/BSP/STEVAL_FCU001_V1 -I../../../Drivers/BSP/Components/lis2mdl -I../../../Middlewares/ST/STM32_BlueNRG/SimpleBlueNRG_HCI/includes -I../../../Drivers/BSP/Components/spbtlerf -O0 -ffunction-sections -fdata-sections -Wall -fstack-usage -MMD -MP -MF"Drivers/STM32F4xx_HAL_Driver/stm32f4xx_hal_rcc_ex.d" -MT"Drivers/STM32F4xx_HAL_Driver/stm32f4xx_hal_rcc_ex.o" --specs=nano.specs -mfpu=fpv4-sp-d16 -mfloat-abi=hard -mthumb -o "Drivers/STM32F4xx_HAL_Driver/stm32f4xx_hal_rcc_ex.o"
arm-none-eabi-gcc -c "C:/Users/vlad/Desktop/Hands-on 6/Official release - 170120/Drivers/STM32F4xx_HAL_Driver/Src/stm32f4xx_hal_spi.c" -mcpu=cortex-m4 -std=gnu11 -g3 -DUSE_HAL_DRIVER -DSTM32F401xC -DDEBUG -c -I../../../Inc -I../../../Drivers/STM32F4xx_HAL_Driver/Inc -I../../../Drivers/STM32F4xx_HAL_Driver/Inc/Legacy -I../../../Middlewares/ST/STM32_USB_Device_Library/Core/Inc -I../../../Middlewares/ST/STM32_USB_Device_Library/Class/CDC/Inc -I../../../Drivers/CMSIS/Include -I../../../Drivers/CMSIS/Device/ST/STM32F4xx/Include -I../../../Drivers/BSP/Board -I../../../Drivers/BSP/Components/lis3mdl -I../../../Drivers/BSP/Components/lps25hb -I../../../Drivers/BSP/Components/Common -I../../../Drivers/BSP/Components/lsm6dsl -I../../../Drivers/BSP/Components/lps22hb -I../../../Drivers/BSP/Components/lsm303agr -I../../../Drivers/BSP/STEVAL_FCU001_V1 -I../../../Drivers/BSP/Components/lis2mdl -I../../../Middlewares/ST/STM32_BlueNRG/SimpleBlueNRG_HCI/includes -I../../../Drivers/BSP/Components/spbtlerf -O0 -ffunction-sections -fdata-sections -Wall -fstack-usage -MMD -MP -MF"Drivers/STM32F4xx_HAL_Driver/stm32f4xx_hal_spi.d" -MT"Drivers/STM32F4xx_HAL_Driver/stm32f4xx_hal_spi.o" --specs=nano.specs -mfpu=fpv4-sp-d16 -mfloat-abi=hard -mthumb -o "Drivers/STM32F4xx_HAL_Driver/stm32f4xx_hal_spi.o"
arm-none-eabi-gcc -c "C:/Users/vlad/Desktop/Hands-on 6/Official release - 170120/Drivers/STM32F4xx_HAL_Driver/Src/stm32f4xx_hal_tim.c" -mcpu=cortex-m4 -std=gnu11 -g3 -DUSE_HAL_DRIVER -DSTM32F401xC -DDEBUG -c -I../../../Inc -I../../../Drivers/STM32F4xx_HAL_Driver/Inc -I../../../Drivers/STM32F4xx_HAL_Driver/Inc/Legacy -I../../../Middlewares/ST/STM32_USB_Device_Library/Core/Inc -I../../../Middlewares/ST/STM32_USB_Device_Library/Class/CDC/Inc -I../../../Drivers/CMSIS/Include -I../../../Drivers/CMSIS/Device/ST/STM32F4xx/Include -I../../../Drivers/BSP/Board -I../../../Drivers/BSP/Components/lis3mdl -I../../../Drivers/BSP/Components/lps25hb -I../../../Drivers/BSP/Components/Common -I../../../Drivers/BSP/Components/lsm6dsl -I../../../Drivers/BSP/Components/lps22hb -I../../../Drivers/BSP/Components/lsm303agr -I../../../Drivers/BSP/STEVAL_FCU001_V1 -I../../../Drivers/BSP/Components/lis2mdl -I../../../Middlewares/ST/STM32_BlueNRG/SimpleBlueNRG_HCI/includes -I../../../Drivers/BSP/Components/spbtlerf -O0 -ffunction-sections -fdata-sections -Wall -fstack-usage -MMD -MP -MF"Drivers/STM32F4xx_HAL_Driver/stm32f4xx_hal_tim.d" -MT"Drivers/STM32F4xx_HAL_Driver/stm32f4xx_hal_tim.o" --specs=nano.specs -mfpu=fpv4-sp-d16 -mfloat-abi=hard -mthumb -o "Drivers/STM32F4xx_HAL_Driver/stm32f4xx_hal_tim.o"
arm-none-eabi-gcc -c "C:/Users/vlad/Desktop/Hands-on 6/Official release - 170120/Drivers/STM32F4xx_HAL_Driver/Src/stm32f4xx_hal_tim_ex.c" -mcpu=cortex-m4 -std=gnu11 -g3 -DUSE_HAL_DRIVER -DSTM32F401xC -DDEBUG -c -I../../../Inc -I../../../Drivers/STM32F4xx_HAL_Driver/Inc -I../../../Drivers/STM32F4xx_HAL_Driver/Inc/Legacy -I../../../Middlewares/ST/STM32_USB_Device_Library/Core/Inc -I../../../Middlewares/ST/STM32_USB_Device_Library/Class/CDC/Inc -I../../../Drivers/CMSIS/Include -I../../../Drivers/CMSIS/Device/ST/STM32F4xx/Include -I../../../Drivers/BSP/Board -I../../../Drivers/BSP/Components/lis3mdl -I../../../Drivers/BSP/Components/lps25hb -I../../../Drivers/BSP/Components/Common -I../../../Drivers/BSP/Components/lsm6dsl -I../../../Drivers/BSP/Components/lps22hb -I../../../Drivers/BSP/Components/lsm303agr -I../../../Drivers/BSP/STEVAL_FCU001_V1 -I../../../Drivers/BSP/Components/lis2mdl -I../../../Middlewares/ST/STM32_BlueNRG/SimpleBlueNRG_HCI/includes -I../../../Drivers/BSP/Components/spbtlerf -O0 -ffunction-sections -fdata-sections -Wall -fstack-usage -MMD -MP -MF"Drivers/STM32F4xx_HAL_Driver/stm32f4xx_hal_tim_ex.d" -MT"Drivers/STM32F4xx_HAL_Driver/stm32f4xx_hal_tim_ex.o" --specs=nano.specs -mfpu=fpv4-sp-d16 -mfloat-abi=hard -mthumb -o "Drivers/STM32F4xx_HAL_Driver/stm32f4xx_hal_tim_ex.o"
arm-none-eabi-gcc -c "C:/Users/vlad/Desktop/Hands-on 6/Official release - 170120/Drivers/STM32F4xx_HAL_Driver/Src/stm32f4xx_hal_uart.c" -mcpu=cortex-m4 -std=gnu11 -g3 -DUSE_HAL_DRIVER -DSTM32F401xC -DDEBUG -c -I../../../Inc -I../../../Drivers/STM32F4xx_HAL_Driver/Inc -I../../../Drivers/STM32F4xx_HAL_Driver/Inc/Legacy -I../../../Middlewares/ST/STM32_USB_Device_Library/Core/Inc -I../../../Middlewares/ST/STM32_USB_Device_Library/Class/CDC/Inc -I../../../Drivers/CMSIS/Include -I../../../Drivers/CMSIS/Device/ST/STM32F4xx/Include -I../../../Drivers/BSP/Board -I../../../Drivers/BSP/Components/lis3mdl -I../../../Drivers/BSP/Components/lps25hb -I../../../Drivers/BSP/Components/Common -I../../../Drivers/BSP/Components/lsm6dsl -I../../../Drivers/BSP/Components/lps22hb -I../../../Drivers/BSP/Components/lsm303agr -I../../../Drivers/BSP/STEVAL_FCU001_V1 -I../../../Drivers/BSP/Components/lis2mdl -I../../../Middlewares/ST/STM32_BlueNRG/SimpleBlueNRG_HCI/includes -I../../../Drivers/BSP/Components/spbtlerf -O0 -ffunction-sections -fdata-sections -Wall -fstack-usage -MMD -MP -MF"Drivers/STM32F4xx_HAL_Driver/stm32f4xx_hal_uart.d" -MT"Drivers/STM32F4xx_HAL_Driver/stm32f4xx_hal_uart.o" --specs=nano.specs -mfpu=fpv4-sp-d16 -mfloat-abi=hard -mthumb -o "Drivers/STM32F4xx_HAL_Driver/stm32f4xx_hal_uart.o"
arm-none-eabi-gcc -c "C:/Users/vlad/Desktop/Hands-on 6/Official release - 170120/Drivers/STM32F4xx_HAL_Driver/Src/stm32f4xx_ll_usb.c" -mcpu=cortex-m4 -std=gnu11 -g3 -DUSE_HAL_DRIVER -DSTM32F401xC -DDEBUG -c -I../../../Inc -I../../../Drivers/STM32F4xx_HAL_Driver/Inc -I../../../Drivers/STM32F4xx_HAL_Driver/Inc/Legacy -I../../../Middlewares/ST/STM32_USB_Device_Library/Core/Inc -I../../../Middlewares/ST/STM32_USB_Device_Library/Class/CDC/Inc -I../../../Drivers/CMSIS/Include -I../../../Drivers/CMSIS/Device/ST/STM32F4xx/Include -I../../../Drivers/BSP/Board -I../../../Drivers/BSP/Components/lis3mdl -I../../../Drivers/BSP/Components/lps25hb -I../../../Drivers/BSP/Components/Common -I../../../Drivers/BSP/Components/lsm6dsl -I../../../Drivers/BSP/Components/lps22hb -I../../../Drivers/BSP/Components/lsm303agr -I../../../Drivers/BSP/STEVAL_FCU001_V1 -I../../../Drivers/BSP/Components/lis2mdl -I../../../Middlewares/ST/STM32_BlueNRG/SimpleBlueNRG_HCI/includes -I../../../Drivers/BSP/Components/spbtlerf -O0 -ffunction-sections -fdata-sections -Wall -fstack-usage -MMD -MP -MF"Drivers/STM32F4xx_HAL_Driver/stm32f4xx_ll_usb.d" -MT"Drivers/STM32F4xx_HAL_Driver/stm32f4xx_ll_usb.o" --specs=nano.specs -mfpu=fpv4-sp-d16 -mfloat-abi=hard -mthumb -o "Drivers/STM32F4xx_HAL_Driver/stm32f4xx_ll_usb.o"
arm-none-eabi-gcc -c "C:/Users/vlad/Desktop/Hands-on 6/Official release - 170120/Drivers/BSP/Components/lis2mdl/LIS2MDL_MAG_driver.c" -mcpu=cortex-m4 -std=gnu11 -g3 -DUSE_HAL_DRIVER -DSTM32F401xC -DDEBUG -c -I../../../Inc -I../../../Drivers/STM32F4xx_HAL_Driver/Inc -I../../../Drivers/STM32F4xx_HAL_Driver/Inc/Legacy -I../../../Middlewares/ST/STM32_USB_Device_Library/Core/Inc -I../../../Middlewares/ST/STM32_USB_Device_Library/Class/CDC/Inc -I../../../Drivers/CMSIS/Include -I../../../Drivers/CMSIS/Device/ST/STM32F4xx/Include -I../../../Drivers/BSP/Board -I../../../Drivers/BSP/Components/lis3mdl -I../../../Drivers/BSP/Components/lps25hb -I../../../Drivers/BSP/Components/Common -I../../../Drivers/BSP/Components/lsm6dsl -I../../../Drivers/BSP/Components/lps22hb -I../../../Drivers/BSP/Components/lsm303agr -I../../../Drivers/BSP/STEVAL_FCU001_V1 -I../../../Drivers/BSP/Components/lis2mdl -I../../../Middlewares/ST/STM32_BlueNRG/SimpleBlueNRG_HCI/includes -I../../../Drivers/BSP/Components/spbtlerf -O0 -ffunction-sections -fdata-sections -Wall -fstack-usage -MMD -MP -MF"Drivers/Components/LIS2MDL_MAG_driver.d" -MT"Drivers/Components/LIS2MDL_MAG_driver.o" --specs=nano.specs -mfpu=fpv4-sp-d16 -mfloat-abi=hard -mthumb -o "Drivers/Components/LIS2MDL_MAG_driver.o"
arm-none-eabi-gcc -c "C:/Users/vlad/Desktop/Hands-on 6/Official release - 170120/Drivers/BSP/Components/lis2mdl/LIS2MDL_MAG_driver_HL.c" -mcpu=cortex-m4 -std=gnu11 -g3 -DUSE_HAL_DRIVER -DSTM32F401xC -DDEBUG -c -I../../../Inc -I../../../Drivers/STM32F4xx_HAL_Driver/Inc -I../../../Drivers/STM32F4xx_HAL_Driver/Inc/Legacy -I../../../Middlewares/ST/STM32_USB_Device_Library/Core/Inc -I../../../Middlewares/ST/STM32_USB_Device_Library/Class/CDC/Inc -I../../../Drivers/CMSIS/Include -I../../../Drivers/CMSIS/Device/ST/STM32F4xx/Include -I../../../Drivers/BSP/Board -I../../../Drivers/BSP/Components/lis3mdl -I../../../Drivers/BSP/Components/lps25hb -I../../../Drivers/BSP/Components/Common -I../../../Drivers/BSP/Components/lsm6dsl -I../../../Drivers/BSP/Components/lps22hb -I../../../Drivers/BSP/Components/lsm303agr -I../../../Drivers/BSP/STEVAL_FCU001_V1 -I../../../Drivers/BSP/Components/lis2mdl -I../../../Middlewares/ST/STM32_BlueNRG/SimpleBlueNRG_HCI/includes -I../../../Drivers/BSP/Components/spbtlerf -O0 -ffunction-sections -fdata-sections -Wall -fstack-usage -MMD -MP -MF"Drivers/Components/LIS2MDL_MAG_driver_HL.d" -MT"Drivers/Components/LIS2MDL_MAG_driver_HL.o" --specs=nano.specs -mfpu=fpv4-sp-d16 -mfloat-abi=hard -mthumb -o "Drivers/Components/LIS2MDL_MAG_driver_HL.o"
arm-none-eabi-gcc -c "C:/Users/vlad/Desktop/Hands-on 6/Official release - 170120/Drivers/BSP/Components/lis3mdl/LIS3MDL_MAG_driver.c" -mcpu=cortex-m4 -std=gnu11 -g3 -DUSE_HAL_DRIVER -DSTM32F401xC -DDEBUG -c -I../../../Inc -I../../../Drivers/STM32F4xx_HAL_Driver/Inc -I../../../Drivers/STM32F4xx_HAL_Driver/Inc/Legacy -I../../../Middlewares/ST/STM32_USB_Device_Library/Core/Inc -I../../../Middlewares/ST/STM32_USB_Device_Library/Class/CDC/Inc -I../../../Drivers/CMSIS/Include -I../../../Drivers/CMSIS/Device/ST/STM32F4xx/Include -I../../../Drivers/BSP/Board -I../../../Drivers/BSP/Components/lis3mdl -I../../../Drivers/BSP/Components/lps25hb -I../../../Drivers/BSP/Components/Common -I../../../Drivers/BSP/Components/lsm6dsl -I../../../Drivers/BSP/Components/lps22hb -I../../../Drivers/BSP/Components/lsm303agr -I../../../Drivers/BSP/STEVAL_FCU001_V1 -I../../../Drivers/BSP/Components/lis2mdl -I../../../Middlewares/ST/STM32_BlueNRG/SimpleBlueNRG_HCI/includes -I../../../Drivers/BSP/Components/spbtlerf -O0 -ffunction-sections -fdata-sections -Wall -fstack-usage -MMD -MP -MF"Drivers/Components/LIS3MDL_MAG_driver.d" -MT"Drivers/Components/LIS3MDL_MAG_driver.o" --specs=nano.specs -mfpu=fpv4-sp-d16 -mfloat-abi=hard -mthumb -o "Drivers/Components/LIS3MDL_MAG_driver.o"
arm-none-eabi-gcc -c "C:/Users/vlad/Desktop/Hands-on 6/Official release - 170120/Drivers/BSP/Components/lis3mdl/LIS3MDL_MAG_driver_HL.c" -mcpu=cortex-m4 -std=gnu11 -g3 -DUSE_HAL_DRIVER -DSTM32F401xC -DDEBUG -c -I../../../Inc -I../../../Drivers/STM32F4xx_HAL_Driver/Inc -I../../../Drivers/STM32F4xx_HAL_Driver/Inc/Legacy -I../../../Middlewares/ST/STM32_USB_Device_Library/Core/Inc -I../../../Middlewares/ST/STM32_USB_Device_Library/Class/CDC/Inc -I../../../Drivers/CMSIS/Include -I../../../Drivers/CMSIS/Device/ST/STM32F4xx/Include -I../../../Drivers/BSP/Board -I../../../Drivers/BSP/Components/lis3mdl -I../../../Drivers/BSP/Components/lps25hb -I../../../Drivers/BSP/Components/Common -I../../../Drivers/BSP/Components/lsm6dsl -I../../../Drivers/BSP/Components/lps22hb -I../../../Drivers/BSP/Components/lsm303agr -I../../../Drivers/BSP/STEVAL_FCU001_V1 -I../../../Drivers/BSP/Components/lis2mdl -I../../../Middlewares/ST/STM32_BlueNRG/SimpleBlueNRG_HCI/includes -I../../../Drivers/BSP/Components/spbtlerf -O0 -ffunction-sections -fdata-sections -Wall -fstack-usage -MMD -MP -MF"Drivers/Components/LIS3MDL_MAG_driver_HL.d" -MT"Drivers/Components/LIS3MDL_MAG_driver_HL.o" --specs=nano.specs -mfpu=fpv4-sp-d16 -mfloat-abi=hard -mthumb -o "Drivers/Components/LIS3MDL_MAG_driver_HL.o"
arm-none-eabi-gcc -c "C:/Users/vlad/Desktop/Hands-on 6/Official release - 170120/Drivers/BSP/Components/lps22hb/LPS22HB_Driver.c" -mcpu=cortex-m4 -std=gnu11 -g3 -DUSE_HAL_DRIVER -DSTM32F401xC -DDEBUG -c -I../../../Inc -I../../../Drivers/STM32F4xx_HAL_Driver/Inc -I../../../Drivers/STM32F4xx_HAL_Driver/Inc/Legacy -I../../../Middlewares/ST/STM32_USB_Device_Library/Core/Inc -I../../../Middlewares/ST/STM32_USB_Device_Library/Class/CDC/Inc -I../../../Drivers/CMSIS/Include -I../../../Drivers/CMSIS/Device/ST/STM32F4xx/Include -I../../../Drivers/BSP/Board -I../../../Drivers/BSP/Components/lis3mdl -I../../../Drivers/BSP/Components/lps25hb -I../../../Drivers/BSP/Components/Common -I../../../Drivers/BSP/Components/lsm6dsl -I../../../Drivers/BSP/Components/lps22hb -I../../../Drivers/BSP/Components/lsm303agr -I../../../Drivers/BSP/STEVAL_FCU001_V1 -I../../../Drivers/BSP/Components/lis2mdl -I../../../Middlewares/ST/STM32_BlueNRG/SimpleBlueNRG_HCI/includes -I../../../Drivers/BSP/Components/spbtlerf -O0 -ffunction-sections -fdata-sections -Wall -fstack-usage -MMD -MP -MF"Drivers/Components/LPS22HB_Driver.d" -MT"Drivers/Components/LPS22HB_Driver.o" --specs=nano.specs -mfpu=fpv4-sp-d16 -mfloat-abi=hard -mthumb -o "Drivers/Components/LPS22HB_Driver.o"
arm-none-eabi-gcc -c "C:/Users/vlad/Desktop/Hands-on 6/Official release - 170120/Drivers/BSP/Components/lps22hb/LPS22HB_Driver_HL.c" -mcpu=cortex-m4 -std=gnu11 -g3 -DUSE_HAL_DRIVER -DSTM32F401xC -DDEBUG -c -I../../../Inc -I../../../Drivers/STM32F4xx_HAL_Driver/Inc -I../../../Drivers/STM32F4xx_HAL_Driver/Inc/Legacy -I../../../Middlewares/ST/STM32_USB_Device_Library/Core/Inc -I../../../Middlewares/ST/STM32_USB_Device_Library/Class/CDC/Inc -I../../../Drivers/CMSIS/Include -I../../../Drivers/CMSIS/Device/ST/STM32F4xx/Include -I../../../Drivers/BSP/Board -I../../../Drivers/BSP/Components/lis3mdl -I../../../Drivers/BSP/Components/lps25hb -I../../../Drivers/BSP/Components/Common -I../../../Drivers/BSP/Components/lsm6dsl -I../../../Drivers/BSP/Components/lps22hb -I../../../Drivers/BSP/Components/lsm303agr -I../../../Drivers/BSP/STEVAL_FCU001_V1 -I../../../Drivers/BSP/Components/lis2mdl -I../../../Middlewares/ST/STM32_BlueNRG/SimpleBlueNRG_HCI/includes -I../../../Drivers/BSP/Components/spbtlerf -O0 -ffunction-sections -fdata-sections -Wall -fstack-usage -MMD -MP -MF"Drivers/Components/LPS22HB_Driver_HL.d" -MT"Drivers/Components/LPS22HB_Driver_HL.o" --specs=nano.specs -mfpu=fpv4-sp-d16 -mfloat-abi=hard -mthumb -o "Drivers/Components/LPS22HB_Driver_HL.o"
arm-none-eabi-gcc -c "C:/Users/vlad/Desktop/Hands-on 6/Official release - 170120/Drivers/BSP/Components/lsm303agr/LSM303AGR_ACC_driver.c" -mcpu=cortex-m4 -std=gnu11 -g3 -DUSE_HAL_DRIVER -DSTM32F401xC -DDEBUG -c -I../../../Inc -I../../../Drivers/STM32F4xx_HAL_Driver/Inc -I../../../Drivers/STM32F4xx_HAL_Driver/Inc/Legacy -I../../../Middlewares/ST/STM32_USB_Device_Library/Core/Inc -I../../../Middlewares/ST/STM32_USB_Device_Library/Class/CDC/Inc -I../../../Drivers/CMSIS/Include -I../../../Drivers/CMSIS/Device/ST/STM32F4xx/Include -I../../../Drivers/BSP/Board -I../../../Drivers/BSP/Components/lis3mdl -I../../../Drivers/BSP/Components/lps25hb -I../../../Drivers/BSP/Components/Common -I../../../Drivers/BSP/Components/lsm6dsl -I../../../Drivers/BSP/Components/lps22hb -I../../../Drivers/BSP/Components/lsm303agr -I../../../Drivers/BSP/STEVAL_FCU001_V1 -I../../../Drivers/BSP/Components/lis2mdl -I../../../Middlewares/ST/STM32_BlueNRG/SimpleBlueNRG_HCI/includes -I../../../Drivers/BSP/Components/spbtlerf -O0 -ffunction-sections -fdata-sections -Wall -fstack-usage -MMD -MP -MF"Drivers/Components/LSM303AGR_ACC_driver.d" -MT"Drivers/Components/LSM303AGR_ACC_driver.o" --specs=nano.specs -mfpu=fpv4-sp-d16 -mfloat-abi=hard -mthumb -o "Drivers/Components/LSM303AGR_ACC_driver.o"
arm-none-eabi-gcc -c "C:/Users/vlad/Desktop/Hands-on 6/Official release - 170120/Drivers/BSP/Components/lsm303agr/LSM303AGR_ACC_driver_HL.c" -mcpu=cortex-m4 -std=gnu11 -g3 -DUSE_HAL_DRIVER -DSTM32F401xC -DDEBUG -c -I../../../Inc -I../../../Drivers/STM32F4xx_HAL_Driver/Inc -I../../../Drivers/STM32F4xx_HAL_Driver/Inc/Legacy -I../../../Middlewares/ST/STM32_USB_Device_Library/Core/Inc -I../../../Middlewares/ST/STM32_USB_Device_Library/Class/CDC/Inc -I../../../Drivers/CMSIS/Include -I../../../Drivers/CMSIS/Device/ST/STM32F4xx/Include -I../../../Drivers/BSP/Board -I../../../Drivers/BSP/Components/lis3mdl -I../../../Drivers/BSP/Components/lps25hb -I../../../Drivers/BSP/Components/Common -I../../../Drivers/BSP/Components/lsm6dsl -I../../../Drivers/BSP/Components/lps22hb -I../../../Drivers/BSP/Components/lsm303agr -I../../../Drivers/BSP/STEVAL_FCU001_V1 -I../../../Drivers/BSP/Components/lis2mdl -I../../../Middlewares/ST/STM32_BlueNRG/SimpleBlueNRG_HCI/includes -I../../../Drivers/BSP/Components/spbtlerf -O0 -ffunction-sections -fdata-sections -Wall -fstack-usage -MMD -MP -MF"Drivers/Components/LSM303AGR_ACC_driver_HL.d" -MT"Drivers/Components/LSM303AGR_ACC_driver_HL.o" --specs=nano.specs -mfpu=fpv4-sp-d16 -mfloat-abi=hard -mthumb -o "Drivers/Components/LSM303AGR_ACC_driver_HL.o"
arm-none-eabi-gcc -c "C:/Users/vlad/Desktop/Hands-on 6/Official release - 170120/Drivers/BSP/Components/lsm303agr/LSM303AGR_MAG_driver.c" -mcpu=cortex-m4 -std=gnu11 -g3 -DUSE_HAL_DRIVER -DSTM32F401xC -DDEBUG -c -I../../../Inc -I../../../Drivers/STM32F4xx_HAL_Driver/Inc -I../../../Drivers/STM32F4xx_HAL_Driver/Inc/Legacy -I../../../Middlewares/ST/STM32_USB_Device_Library/Core/Inc -I../../../Middlewares/ST/STM32_USB_Device_Library/Class/CDC/Inc -I../../../Drivers/CMSIS/Include -I../../../Drivers/CMSIS/Device/ST/STM32F4xx/Include -I../../../Drivers/BSP/Board -I../../../Drivers/BSP/Components/lis3mdl -I../../../Drivers/BSP/Components/lps25hb -I../../../Drivers/BSP/Components/Common -I../../../Drivers/BSP/Components/lsm6dsl -I../../../Drivers/BSP/Components/lps22hb -I../../../Drivers/BSP/Components/lsm303agr -I../../../Drivers/BSP/STEVAL_FCU001_V1 -I../../../Drivers/BSP/Components/lis2mdl -I../../../Middlewares/ST/STM32_BlueNRG/SimpleBlueNRG_HCI/includes -I../../../Drivers/BSP/Components/spbtlerf -O0 -ffunction-sections -fdata-sections -Wall -fstack-usage -MMD -MP -MF"Drivers/Components/LSM303AGR_MAG_driver.d" -MT"Drivers/Components/LSM303AGR_MAG_driver.o" --specs=nano.specs -mfpu=fpv4-sp-d16 -mfloat-abi=hard -mthumb -o "Drivers/Components/LSM303AGR_MAG_driver.o"
arm-none-eabi-gcc -c "C:/Users/vlad/Desktop/Hands-on 6/Official release - 170120/Drivers/BSP/Components/lsm303agr/LSM303AGR_MAG_driver_HL.c" -mcpu=cortex-m4 -std=gnu11 -g3 -DUSE_HAL_DRIVER -DSTM32F401xC -DDEBUG -c -I../../../Inc -I../../../Drivers/STM32F4xx_HAL_Driver/Inc -I../../../Drivers/STM32F4xx_HAL_Driver/Inc/Legacy -I../../../Middlewares/ST/STM32_USB_Device_Library/Core/Inc -I../../../Middlewares/ST/STM32_USB_Device_Library/Class/CDC/Inc -I../../../Drivers/CMSIS/Include -I../../../Drivers/CMSIS/Device/ST/STM32F4xx/Include -I../../../Drivers/BSP/Board -I../../../Drivers/BSP/Components/lis3mdl -I../../../Drivers/BSP/Components/lps25hb -I../../../Drivers/BSP/Components/Common -I../../../Drivers/BSP/Components/lsm6dsl -I../../../Drivers/BSP/Components/lps22hb -I../../../Drivers/BSP/Components/lsm303agr -I../../../Drivers/BSP/STEVAL_FCU001_V1 -I../../../Drivers/BSP/Components/lis2mdl -I../../../Middlewares/ST/STM32_BlueNRG/SimpleBlueNRG_HCI/includes -I../../../Drivers/BSP/Components/spbtlerf -O0 -ffunction-sections -fdata-sections -Wall -fstack-usage -MMD -MP -MF"Drivers/Components/LSM303AGR_MAG_driver_HL.d" -MT"Drivers/Components/LSM303AGR_MAG_driver_HL.o" --specs=nano.specs -mfpu=fpv4-sp-d16 -mfloat-abi=hard -mthumb -o "Drivers/Components/LSM303AGR_MAG_driver_HL.o"
arm-none-eabi-gcc -c "C:/Users/vlad/Desktop/Hands-on 6/Official release - 170120/Drivers/BSP/Components/lsm6dsl/LSM6DSL_ACC_GYRO_driver.c" -mcpu=cortex-m4 -std=gnu11 -g3 -DUSE_HAL_DRIVER -DSTM32F401xC -DDEBUG -c -I../../../Inc -I../../../Drivers/STM32F4xx_HAL_Driver/Inc -I../../../Drivers/STM32F4xx_HAL_Driver/Inc/Legacy -I../../../Middlewares/ST/STM32_USB_Device_Library/Core/Inc -I../../../Middlewares/ST/STM32_USB_Device_Library/Class/CDC/Inc -I../../../Drivers/CMSIS/Include -I../../../Drivers/CMSIS/Device/ST/STM32F4xx/Include -I../../../Drivers/BSP/Board -I../../../Drivers/BSP/Components/lis3mdl -I../../../Drivers/BSP/Components/lps25hb -I../../../Drivers/BSP/Components/Common -I../../../Drivers/BSP/Components/lsm6dsl -I../../../Drivers/BSP/Components/lps22hb -I../../../Drivers/BSP/Components/lsm303agr -I../../../Drivers/BSP/STEVAL_FCU001_V1 -I../../../Drivers/BSP/Components/lis2mdl -I../../../Middlewares/ST/STM32_BlueNRG/SimpleBlueNRG_HCI/includes -I../../../Drivers/BSP/Components/spbtlerf -O0 -ffunction-sections -fdata-sections -Wall -fstack-usage -MMD -MP -MF"Drivers/Components/LSM6DSL_ACC_GYRO_driver.d" -MT"Drivers/Components/LSM6DSL_ACC_GYRO_driver.o" --specs=nano.specs -mfpu=fpv4-sp-d16 -mfloat-abi=hard -mthumb -o "Drivers/Components/LSM6DSL_ACC_GYRO_driver.o"
arm-none-eabi-gcc -c "C:/Users/vlad/Desktop/Hands-on 6/Official release - 170120/Drivers/BSP/Components/lsm6dsl/LSM6DSL_ACC_GYRO_driver_HL.c" -mcpu=cortex-m4 -std=gnu11 -g3 -DUSE_HAL_DRIVER -DSTM32F401xC -DDEBUG -c -I../../../Inc -I../../../Drivers/STM32F4xx_HAL_Driver/Inc -I../../../Drivers/STM32F4xx_HAL_Driver/Inc/Legacy -I../../../Middlewares/ST/STM32_USB_Device_Library/Core/Inc -I../../../Middlewares/ST/STM32_USB_Device_Library/Class/CDC/Inc -I../../../Drivers/CMSIS/Include -I../../../Drivers/CMSIS/Device/ST/STM32F4xx/Include -I../../../Drivers/BSP/Board -I../../../Drivers/BSP/Components/lis3mdl -I../../../Drivers/BSP/Components/lps25hb -I../../../Drivers/BSP/Components/Common -I../../../Drivers/BSP/Components/lsm6dsl -I../../../Drivers/BSP/Components/lps22hb -I../../../Drivers/BSP/Components/lsm303agr -I../../../Drivers/BSP/STEVAL_FCU001_V1 -I../../../Drivers/BSP/Components/lis2mdl -I../../../Middlewares/ST/STM32_BlueNRG/SimpleBlueNRG_HCI/includes -I../../../Drivers/BSP/Components/spbtlerf -O0 -ffunction-sections -fdata-sections -Wall -fstack-usage -MMD -MP -MF"Drivers/Components/LSM6DSL_ACC_GYRO_driver_HL.d" -MT"Drivers/Components/LSM6DSL_ACC_GYRO_driver_HL.o" --specs=nano.specs -mfpu=fpv4-sp-d16 -mfloat-abi=hard -mthumb -o "Drivers/Components/LSM6DSL_ACC_GYRO_driver_HL.o"
arm-none-eabi-gcc -c "C:/Users/vlad/Desktop/Hands-on 6/Official release - 170120/Drivers/BSP/Components/spbtlerf/SPBTLE_RF.c" -mcpu=cortex-m4 -std=gnu11 -g3 -DUSE_HAL_DRIVER -DSTM32F401xC -DDEBUG -c -I../../../Inc -I../../../Drivers/STM32F4xx_HAL_Driver/Inc -I../../../Drivers/STM32F4xx_HAL_Driver/Inc/Legacy -I../../../Middlewares/ST/STM32_USB_Device_Library/Core/Inc -I../../../Middlewares/ST/STM32_USB_Device_Library/Class/CDC/Inc -I../../../Drivers/CMSIS/Include -I../../../Drivers/CMSIS/Device/ST/STM32F4xx/Include -I../../../Drivers/BSP/Board -I../../../Drivers/BSP/Components/lis3mdl -I../../../Drivers/BSP/Components/lps25hb -I../../../Drivers/BSP/Components/Common -I../../../Drivers/BSP/Components/lsm6dsl -I../../../Drivers/BSP/Components/lps22hb -I../../../Drivers/BSP/Components/lsm303agr -I../../../Drivers/BSP/STEVAL_FCU001_V1 -I../../../Drivers/BSP/Components/lis2mdl -I../../../Middlewares/ST/STM32_BlueNRG/SimpleBlueNRG_HCI/includes -I../../../Drivers/BSP/Components/spbtlerf -O0 -ffunction-sections -fdata-sections -Wall -fstack-usage -MMD -MP -MF"Drivers/Components/SPBTLE_RF.d" -MT"Drivers/Components/SPBTLE_RF.o" --specs=nano.specs -mfpu=fpv4-sp-d16 -mfloat-abi=hard -mthumb -o "Drivers/Components/SPBTLE_RF.o"
arm-none-eabi-gcc -c "C:/Users/vlad/Desktop/Hands-on 6/Official release - 170120/Drivers/CMSIS/Device/ST/STM32F4xx/Source/Templates/system_stm32f4xx.c" -mcpu=cortex-m4 -std=gnu11 -g3 -DUSE_HAL_DRIVER -DSTM32F401xC -DDEBUG -c -I../../../Inc -I../../../Drivers/STM32F4xx_HAL_Driver/Inc -I../../../Drivers/STM32F4xx_HAL_Driver/Inc/Legacy -I../../../Middlewares/ST/STM32_USB_Device_Library/Core/Inc -I../../../Middlewares/ST/STM32_USB_Device_Library/Class/CDC/Inc -I../../../Drivers/CMSIS/Include -I../../../Drivers/CMSIS/Device/ST/STM32F4xx/Include -I../../../Drivers/BSP/Board -I../../../Drivers/BSP/Components/lis3mdl -I../../../Drivers/BSP/Components/lps25hb -I../../../Drivers/BSP/Components/Common -I../../../Drivers/BSP/Components/lsm6dsl -I../../../Drivers/BSP/Components/lps22hb -I../../../Drivers/BSP/Components/lsm303agr -I../../../Drivers/BSP/STEVAL_FCU001_V1 -I../../../Drivers/BSP/Components/lis2mdl -I../../../Middlewares/ST/STM32_BlueNRG/SimpleBlueNRG_HCI/includes -I../../../Drivers/BSP/Components/spbtlerf -O0 -ffunction-sections -fdata-sections -Wall -fstack-usage -MMD -MP -MF"Drivers/CMSIS/system_stm32f4xx.d" -MT"Drivers/CMSIS/system_stm32f4xx.o" --specs=nano.specs -mfpu=fpv4-sp-d16 -mfloat-abi=hard -mthumb -o "Drivers/CMSIS/system_stm32f4xx.o"
arm-none-eabi-gcc -c "C:/Users/vlad/Desktop/Hands-on 6/Official release - 170120/Drivers/BSP/STEVAL_FCU001_V1/steval_fcu001_v1.c" -mcpu=cortex-m4 -std=gnu11 -g3 -DUSE_HAL_DRIVER -DSTM32F401xC -DDEBUG -c -I../../../Inc -I../../../Drivers/STM32F4xx_HAL_Driver/Inc -I../../../Drivers/STM32F4xx_HAL_Driver/Inc/Legacy -I../../../Middlewares/ST/STM32_USB_Device_Library/Core/Inc -I../../../Middlewares/ST/STM32_USB_Device_Library/Class/CDC/Inc -I../../../Drivers/CMSIS/Include -I../../../Drivers/CMSIS/Device/ST/STM32F4xx/Include -I../../../Drivers/BSP/Board -I../../../Drivers/BSP/Components/lis3mdl -I../../../Drivers/BSP/Components/lps25hb -I../../../Drivers/BSP/Components/Common -I../../../Drivers/BSP/Components/lsm6dsl -I../../../Drivers/BSP/Components/lps22hb -I../../../Drivers/BSP/Components/lsm303agr -I../../../Drivers/BSP/STEVAL_FCU001_V1 -I../../../Drivers/BSP/Components/lis2mdl -I../../../Middlewares/ST/STM32_BlueNRG/SimpleBlueNRG_HCI/includes -I../../../Drivers/BSP/Components/spbtlerf -O0 -ffunction-sections -fdata-sections -Wall -fstack-usage -MMD -MP -MF"Drivers/Board/steval_fcu001_v1.d" -MT"Drivers/Board/steval_fcu001_v1.o" --specs=nano.specs -mfpu=fpv4-sp-d16 -mfloat-abi=hard -mthumb -o "Drivers/Board/steval_fcu001_v1.o"
arm-none-eabi-gcc -c "C:/Users/vlad/Desktop/Hands-on 6/Official release - 170120/Drivers/BSP/STEVAL_FCU001_V1/steval_fcu001_v1_accelero.c" -mcpu=cortex-m4 -std=gnu11 -g3 -DUSE_HAL_DRIVER -DSTM32F401xC -DDEBUG -c -I../../../Inc -I../../../Drivers/STM32F4xx_HAL_Driver/Inc -I../../../Drivers/STM32F4xx_HAL_Driver/Inc/Legacy -I../../../Middlewares/ST/STM32_USB_Device_Library/Core/Inc -I../../../Middlewares/ST/STM32_USB_Device_Library/Class/CDC/Inc -I../../../Drivers/CMSIS/Include -I../../../Drivers/CMSIS/Device/ST/STM32F4xx/Include -I../../../Drivers/BSP/Board -I../../../Drivers/BSP/Components/lis3mdl -I../../../Drivers/BSP/Components/lps25hb -I../../../Drivers/BSP/Components/Common -I../../../Drivers/BSP/Components/lsm6dsl -I../../../Drivers/BSP/Components/lps22hb -I../../../Drivers/BSP/Components/lsm303agr -I../../../Drivers/BSP/STEVAL_FCU001_V1 -I../../../Drivers/BSP/Components/lis2mdl -I../../../Middlewares/ST/STM32_BlueNRG/SimpleBlueNRG_HCI/includes -I../../../Drivers/BSP/Components/spbtlerf -O0 -ffunction-sections -fdata-sections -Wall -fstack-usage -MMD -MP -MF"Drivers/Board/steval_fcu001_v1_accelero.d" -MT"Drivers/Board/steval_fcu001_v1_accelero.o" --specs=nano.specs -mfpu=fpv4-sp-d16 -mfloat-abi=hard -mthumb -o "Drivers/Board/steval_fcu001_v1_accelero.o"
arm-none-eabi-gcc -c "C:/Users/vlad/Desktop/Hands-on 6/Official release - 170120/Drivers/BSP/STEVAL_FCU001_V1/steval_fcu001_v1_gyro.c" -mcpu=cortex-m4 -std=gnu11 -g3 -DUSE_HAL_DRIVER -DSTM32F401xC -DDEBUG -c -I../../../Inc -I../../../Drivers/STM32F4xx_HAL_Driver/Inc -I../../../Drivers/STM32F4xx_HAL_Driver/Inc/Legacy -I../../../Middlewares/ST/STM32_USB_Device_Library/Core/Inc -I../../../Middlewares/ST/STM32_USB_Device_Library/Class/CDC/Inc -I../../../Drivers/CMSIS/Include -I../../../Drivers/CMSIS/Device/ST/STM32F4xx/Include -I../../../Drivers/BSP/Board -I../../../Drivers/BSP/Components/lis3mdl -I../../../Drivers/BSP/Components/lps25hb -I../../../Drivers/BSP/Components/Common -I../../../Drivers/BSP/Components/lsm6dsl -I../../../Drivers/BSP/Components/lps22hb -I../../../Drivers/BSP/Components/lsm303agr -I../../../Drivers/BSP/STEVAL_FCU001_V1 -I../../../Drivers/BSP/Components/lis2mdl -I../../../Middlewares/ST/STM32_BlueNRG/SimpleBlueNRG_HCI/includes -I../../../Drivers/BSP/Components/spbtlerf -O0 -ffunction-sections -fdata-sections -Wall -fstack-usage -MMD -MP -MF"Drivers/Board/steval_fcu001_v1_gyro.d" -MT"Drivers/Board/steval_fcu001_v1_gyro.o" --specs=nano.specs -mfpu=fpv4-sp-d16 -mfloat-abi=hard -mthumb -o "Drivers/Board/steval_fcu001_v1_gyro.o"
arm-none-eabi-gcc -c "C:/Users/vlad/Desktop/Hands-on 6/Official release - 170120/Drivers/BSP/STEVAL_FCU001_V1/steval_fcu001_v1_magneto.c" -mcpu=cortex-m4 -std=gnu11 -g3 -DUSE_HAL_DRIVER -DSTM32F401xC -DDEBUG -c -I../../../Inc -I../../../Drivers/STM32F4xx_HAL_Driver/Inc -I../../../Drivers/STM32F4xx_HAL_Driver/Inc/Legacy -I../../../Middlewares/ST/STM32_USB_Device_Library/Core/Inc -I../../../Middlewares/ST/STM32_USB_Device_Library/Class/CDC/Inc -I../../../Drivers/CMSIS/Include -I../../../Drivers/CMSIS/Device/ST/STM32F4xx/Include -I../../../Drivers/BSP/Board -I../../../Drivers/BSP/Components/lis3mdl -I../../../Drivers/BSP/Components/lps25hb -I../../../Drivers/BSP/Components/Common -I../../../Drivers/BSP/Components/lsm6dsl -I../../../Drivers/BSP/Components/lps22hb -I../../../Drivers/BSP/Components/lsm303agr -I../../../Drivers/BSP/STEVAL_FCU001_V1 -I../../../Drivers/BSP/Components/lis2mdl -I../../../Middlewares/ST/STM32_BlueNRG/SimpleBlueNRG_HCI/includes -I../../../Drivers/BSP/Components/spbtlerf -O0 -ffunction-sections -fdata-sections -Wall -fstack-usage -MMD -MP -MF"Drivers/Board/steval_fcu001_v1_magneto.d" -MT"Drivers/Board/steval_fcu001_v1_magneto.o" --specs=nano.specs -mfpu=fpv4-sp-d16 -mfloat-abi=hard -mthumb -o "Drivers/Board/steval_fcu001_v1_magneto.o"
arm-none-eabi-gcc -c "C:/Users/vlad/Desktop/Hands-on 6/Official release - 170120/Drivers/BSP/STEVAL_FCU001_V1/steval_fcu001_v1_pressure.c" -mcpu=cortex-m4 -std=gnu11 -g3 -DUSE_HAL_DRIVER -DSTM32F401xC -DDEBUG -c -I../../../Inc -I../../../Drivers/STM32F4xx_HAL_Driver/Inc -I../../../Drivers/STM32F4xx_HAL_Driver/Inc/Legacy -I../../../Middlewares/ST/STM32_USB_Device_Library/Core/Inc -I../../../Middlewares/ST/STM32_USB_Device_Library/Class/CDC/Inc -I../../../Drivers/CMSIS/Include -I../../../Drivers/CMSIS/Device/ST/STM32F4xx/Include -I../../../Drivers/BSP/Board -I../../../Drivers/BSP/Components/lis3mdl -I../../../Drivers/BSP/Components/lps25hb -I../../../Drivers/BSP/Components/Common -I../../../Drivers/BSP/Components/lsm6dsl -I../../../Drivers/BSP/Components/lps22hb -I../../../Drivers/BSP/Components/lsm303agr -I../../../Drivers/BSP/STEVAL_FCU001_V1 -I../../../Drivers/BSP/Components/lis2mdl -I../../../Middlewares/ST/STM32_BlueNRG/SimpleBlueNRG_HCI/includes -I../../../Drivers/BSP/Components/spbtlerf -O0 -ffunction-sections -fdata-sections -Wall -fstack-usage -MMD -MP -MF"Drivers/Board/steval_fcu001_v1_pressure.d" -MT"Drivers/Board/steval_fcu001_v1_pressure.o" --specs=nano.specs -mfpu=fpv4-sp-d16 -mfloat-abi=hard -mthumb -o "Drivers/Board/steval_fcu001_v1_pressure.o"
arm-none-eabi-gcc -c "C:/Users/vlad/Desktop/Hands-on 6/Official release - 170120/Drivers/BSP/STEVAL_FCU001_V1/steval_fcu001_v1_temperature.c" -mcpu=cortex-m4 -std=gnu11 -g3 -DUSE_HAL_DRIVER -DSTM32F401xC -DDEBUG -c -I../../../Inc -I../../../Drivers/STM32F4xx_HAL_Driver/Inc -I../../../Drivers/STM32F4xx_HAL_Driver/Inc/Legacy -I../../../Middlewares/ST/STM32_USB_Device_Library/Core/Inc -I../../../Middlewares/ST/STM32_USB_Device_Library/Class/CDC/Inc -I../../../Drivers/CMSIS/Include -I../../../Drivers/CMSIS/Device/ST/STM32F4xx/Include -I../../../Drivers/BSP/Board -I../../../Drivers/BSP/Components/lis3mdl -I../../../Drivers/BSP/Components/lps25hb -I../../../Drivers/BSP/Components/Common -I../../../Drivers/BSP/Components/lsm6dsl -I../../../Drivers/BSP/Components/lps22hb -I../../../Drivers/BSP/Components/lsm303agr -I../../../Drivers/BSP/STEVAL_FCU001_V1 -I../../../Drivers/BSP/Components/lis2mdl -I../../../Middlewares/ST/STM32_BlueNRG/SimpleBlueNRG_HCI/includes -I../../../Drivers/BSP/Components/spbtlerf -O0 -ffunction-sections -fdata-sections -Wall -fstack-usage -MMD -MP -MF"Drivers/Board/steval_fcu001_v1_temperature.d" -MT"Drivers/Board/steval_fcu001_v1_temperature.o" --specs=nano.specs -mfpu=fpv4-sp-d16 -mfloat-abi=hard -mthumb -o "Drivers/Board/steval_fcu001_v1_temperature.o"
arm-none-eabi-gcc -c "C:/Users/vlad/Desktop/Hands-on 6/Official release - 170120/Src/ahrs.c" -mcpu=cortex-m4 -std=gnu11 -g3 -DUSE_HAL_DRIVER -DSTM32F401xC -DDEBUG -c -I../../../Inc -I../../../Drivers/STM32F4xx_HAL_Driver/Inc -I../../../Drivers/STM32F4xx_HAL_Driver/Inc/Legacy -I../../../Middlewares/ST/STM32_USB_Device_Library/Core/Inc -I../../../Middlewares/ST/STM32_USB_Device_Library/Class/CDC/Inc -I../../../Drivers/CMSIS/Include -I../../../Drivers/CMSIS/Device/ST/STM32F4xx/Include -I../../../Drivers/BSP/Board -I../../../Drivers/BSP/Components/lis3mdl -I../../../Drivers/BSP/Components/lps25hb -I../../../Drivers/BSP/Components/Common -I../../../Drivers/BSP/Components/lsm6dsl -I../../../Drivers/BSP/Components/lps22hb -I../../../Drivers/BSP/Components/lsm303agr -I../../../Drivers/BSP/STEVAL_FCU001_V1 -I../../../Drivers/BSP/Components/lis2mdl -I../../../Middlewares/ST/STM32_BlueNRG/SimpleBlueNRG_HCI/includes -I../../../Drivers/BSP/Components/spbtlerf -O0 -ffunction-sections -fdata-sections -Wall -fstack-usage -MMD -MP -MF"Application/User/ahrs.d" -MT"Application/User/ahrs.o" --specs=nano.specs -mfpu=fpv4-sp-d16 -mfloat-abi=hard -mthumb -o "Application/User/ahrs.o"
arm-none-eabi-gcc -c "C:/Users/vlad/Desktop/Hands-on 6/Official release - 170120/Src/basic_math.c" -mcpu=cortex-m4 -std=gnu11 -g3 -DUSE_HAL_DRIVER -DSTM32F401xC -DDEBUG -c -I../../../Inc -I../../../Drivers/STM32F4xx_HAL_Driver/Inc -I../../../Drivers/STM32F4xx_HAL_Driver/Inc/Legacy -I../../../Middlewares/ST/STM32_USB_Device_Library/Core/Inc -I../../../Middlewares/ST/STM32_USB_Device_Library/Class/CDC/Inc -I../../../Drivers/CMSIS/Include -I../../../Drivers/CMSIS/Device/ST/STM32F4xx/Include -I../../../Drivers/BSP/Board -I../../../Drivers/BSP/Components/lis3mdl -I../../../Drivers/BSP/Components/lps25hb -I../../../Drivers/BSP/Components/Common -I../../../Drivers/BSP/Components/lsm6dsl -I../../../Drivers/BSP/Components/lps22hb -I../../../Drivers/BSP/Components/lsm303agr -I../../../Drivers/BSP/STEVAL_FCU001_V1 -I../../../Drivers/BSP/Components/lis2mdl -I../../../Middlewares/ST/STM32_BlueNRG/SimpleBlueNRG_HCI/includes -I../../../Drivers/BSP/Components/spbtlerf -O0 -ffunction-sections -fdata-sections -Wall -fstack-usage -MMD -MP -MF"Application/User/basic_math.d" -MT"Application/User/basic_math.o" --specs=nano.specs -mfpu=fpv4-sp-d16 -mfloat-abi=hard -mthumb -o "Application/User/basic_math.o"
arm-none-eabi-gcc -c "C:/Users/vlad/Desktop/Hands-on 6/Official release - 170120/Src/console.c" -mcpu=cortex-m4 -std=gnu11 -g3 -DUSE_HAL_DRIVER -DSTM32F401xC -DDEBUG -c -I../../../Inc -I../../../Drivers/STM32F4xx_HAL_Driver/Inc -I../../../Drivers/STM32F4xx_HAL_Driver/Inc/Legacy -I../../../Middlewares/ST/STM32_USB_Device_Library/Core/Inc -I../../../Middlewares/ST/STM32_USB_Device_Library/Class/CDC/Inc -I../../../Drivers/CMSIS/Include -I../../../Drivers/CMSIS/Device/ST/STM32F4xx/Include -I../../../Drivers/BSP/Board -I../../../Drivers/BSP/Components/lis3mdl -I../../../Drivers/BSP/Components/lps25hb -I../../../Drivers/BSP/Components/Common -I../../../Drivers/BSP/Components/lsm6dsl -I../../../Drivers/BSP/Components/lps22hb -I../../../Drivers/BSP/Components/lsm303agr -I../../../Drivers/BSP/STEVAL_FCU001_V1 -I../../../Drivers/BSP/Components/lis2mdl -I../../../Middlewares/ST/STM32_BlueNRG/SimpleBlueNRG_HCI/includes -I../../../Drivers/BSP/Components/spbtlerf -O0 -ffunction-sections -fdata-sections -Wall -fstack-usage -MMD -MP -MF"Application/User/console.d" -MT"Application/User/console.o" --specs=nano.specs -mfpu=fpv4-sp-d16 -mfloat-abi=hard -mthumb -o "Application/User/console.o"
arm-none-eabi-gcc -c "C:/Users/vlad/Desktop/Hands-on 6/Official release - 170120/Src/debug.c" -mcpu=cortex-m4 -std=gnu11 -g3 -DUSE_HAL_DRIVER -DSTM32F401xC -DDEBUG -c -I../../../Inc -I../../../Drivers/STM32F4xx_HAL_Driver/Inc -I../../../Drivers/STM32F4xx_HAL_Driver/Inc/Legacy -I../../../Middlewares/ST/STM32_USB_Device_Library/Core/Inc -I../../../Middlewares/ST/STM32_USB_Device_Library/Class/CDC/Inc -I../../../Drivers/CMSIS/Include -I../../../Drivers/CMSIS/Device/ST/STM32F4xx/Include -I../../../Drivers/BSP/Board -I../../../Drivers/BSP/Components/lis3mdl -I../../../Drivers/BSP/Components/lps25hb -I../../../Drivers/BSP/Components/Common -I../../../Drivers/BSP/Components/lsm6dsl -I../../../Drivers/BSP/Components/lps22hb -I../../../Drivers/BSP/Components/lsm303agr -I../../../Drivers/BSP/STEVAL_FCU001_V1 -I../../../Drivers/BSP/Components/lis2mdl -I../../../Middlewares/ST/STM32_BlueNRG/SimpleBlueNRG_HCI/includes -I../../../Drivers/BSP/Components/spbtlerf -O0 -ffunction-sections -fdata-sections -Wall -fstack-usage -MMD -MP -MF"Application/User/debug.d" -MT"Application/User/debug.o" --specs=nano.specs -mfpu=fpv4-sp-d16 -mfloat-abi=hard -mthumb -o "Application/User/debug.o"
arm-none-eabi-gcc -c "C:/Users/vlad/Desktop/Hands-on 6/Official release - 170120/Src/flight_control.c" -mcpu=cortex-m4 -std=gnu11 -g3 -DUSE_HAL_DRIVER -DSTM32F401xC -DDEBUG -c -I../../../Inc -I../../../Drivers/STM32F4xx_HAL_Driver/Inc -I../../../Drivers/STM32F4xx_HAL_Driver/Inc/Legacy -I../../../Middlewares/ST/STM32_USB_Device_Library/Core/Inc -I../../../Middlewares/ST/STM32_USB_Device_Library/Class/CDC/Inc -I../../../Drivers/CMSIS/Include -I../../../Drivers/CMSIS/Device/ST/STM32F4xx/Include -I../../../Drivers/BSP/Board -I../../../Drivers/BSP/Components/lis3mdl -I../../../Drivers/BSP/Components/lps25hb -I../../../Drivers/BSP/Components/Common -I../../../Drivers/BSP/Components/lsm6dsl -I../../../Drivers/BSP/Components/lps22hb -I../../../Drivers/BSP/Components/lsm303agr -I../../../Drivers/BSP/STEVAL_FCU001_V1 -I../../../Drivers/BSP/Components/lis2mdl -I../../../Middlewares/ST/STM32_BlueNRG/SimpleBlueNRG_HCI/includes -I../../../Drivers/BSP/Components/spbtlerf -O0 -ffunction-sections -fdata-sections -Wall -fstack-usage -MMD -MP -MF"Application/User/flight_control.d" -MT"Application/User/flight_control.o" --specs=nano.specs -mfpu=fpv4-sp-d16 -mfloat-abi=hard -mthumb -o "Application/User/flight_control.o"
arm-none-eabi-gcc -c "C:/Users/vlad/Desktop/Hands-on 6/Official release - 170120/Src/main.c" -mcpu=cortex-m4 -std=gnu11 -g3 -DUSE_HAL_DRIVER -DSTM32F401xC -DDEBUG -c -I../../../Inc -I../../../Drivers/STM32F4xx_HAL_Driver/Inc -I../../../Drivers/STM32F4xx_HAL_Driver/Inc/Legacy -I../../../Middlewares/ST/STM32_USB_Device_Library/Core/Inc -I../../../Middlewares/ST/STM32_USB_Device_Library/Class/CDC/Inc -I../../../Drivers/CMSIS/Include -I../../../Drivers/CMSIS/Device/ST/STM32F4xx/Include -I../../../Drivers/BSP/Board -I../../../Drivers/BSP/Components/lis3mdl -I../../../Drivers/BSP/Components/lps25hb -I../../../Drivers/BSP/Components/Common -I../../../Drivers/BSP/Components/lsm6dsl -I../../../Drivers/BSP/Components/lps22hb -I../../../Drivers/BSP/Components/lsm303agr -I../../../Drivers/BSP/STEVAL_FCU001_V1 -I../../../Drivers/BSP/Components/lis2mdl -I../../../Middlewares/ST/STM32_BlueNRG/SimpleBlueNRG_HCI/includes -I../../../Drivers/BSP/Components/spbtlerf -O0 -ffunction-sections -fdata-sections -Wall -fstack-usage -MMD -MP -MF"Application/User/main.d" -MT"Application/User/main.o" --specs=nano.specs -mfpu=fpv4-sp-d16 -mfloat-abi=hard -mthumb -o "Application/User/main.o"
arm-none-eabi-gcc -c "C:/Users/vlad/Desktop/Hands-on 6/Official release - 170120/Src/motor.c" -mcpu=cortex-m4 -std=gnu11 -g3 -DUSE_HAL_DRIVER -DSTM32F401xC -DDEBUG -c -I../../../Inc -I../../../Drivers/STM32F4xx_HAL_Driver/Inc -I../../../Drivers/STM32F4xx_HAL_Driver/Inc/Legacy -I../../../Middlewares/ST/STM32_USB_Device_Library/Core/Inc -I../../../Middlewares/ST/STM32_USB_Device_Library/Class/CDC/Inc -I../../../Drivers/CMSIS/Include -I../../../Drivers/CMSIS/Device/ST/STM32F4xx/Include -I../../../Drivers/BSP/Board -I../../../Drivers/BSP/Components/lis3mdl -I../../../Drivers/BSP/Components/lps25hb -I../../../Drivers/BSP/Components/Common -I../../../Drivers/BSP/Components/lsm6dsl -I../../../Drivers/BSP/Components/lps22hb -I../../../Drivers/BSP/Components/lsm303agr -I../../../Drivers/BSP/STEVAL_FCU001_V1 -I../../../Drivers/BSP/Components/lis2mdl -I../../../Middlewares/ST/STM32_BlueNRG/SimpleBlueNRG_HCI/includes -I../../../Drivers/BSP/Components/spbtlerf -O0 -ffunction-sections -fdata-sections -Wall -fstack-usage -MMD -MP -MF"Application/User/motor.d" -MT"Application/User/motor.o" --specs=nano.specs -mfpu=fpv4-sp-d16 -mfloat-abi=hard -mthumb -o "Application/User/motor.o"
[...]
arm-none-eabi-gcc -c "C:/Users/vlad/Desktop/Hands-on 6/Official release - 170120/Src/debug.c" -mcpu=cortex-m4 -std=gnu11 -g3 -DUSE_HAL_DRIVER -DSTM32F401xC -DDEBUG -c -I../../../Inc -I../../../Drivers/STM32F4xx_HAL_Driver/Inc -I../../../Drivers/STM32F4xx_HAL_Driver/Inc/Legacy -I../../../Middlewares/ST/STM32_USB_Device_Library/Core/Inc -I../../../Middlewares/ST/STM32_USB_Device_Library/Class/CDC/Inc -I../../../Drivers/CMSIS/Include -I../../../Drivers/CMSIS/Device/ST/STM32F4xx/Include -I../../../Drivers/BSP/Board -I../../../Drivers/BSP/Components/lis3mdl -I../../../Drivers/BSP/Components/lps25hb -I../../../Drivers/BSP/Components/Common -I../../../Drivers/BSP/Components/lsm6dsl -I../../../Drivers/BSP/Components/lps22hb -I../../../Drivers/BSP/Components/lsm303agr -I../../../Drivers/BSP/STEVAL_FCU001_V1 -I../../../Drivers/BSP/Components/lis2mdl -I../../../Middlewares/ST/STM32_BlueNRG/SimpleBlueNRG_HCI/includes -I../../../Drivers/BSP/Components/spbtlerf -O0 -ffunction-sections -fdata-sections -Wall -fstack-usage -MMD -MP -MF"Application/User/debug.d" -MT"Application/User/debug.o" --specs=nano.specs -mfpu=fpv4-sp-d16 -mfloat-abi=hard -mthumb -o "Application/User/debug.o"
arm-none-eabi-gcc -c "C:/Users/vlad/Desktop/Hands-on 6/Official release - 170120/Src/flight_control.c" -mcpu=cortex-m4 -std=gnu11 -g3 -DUSE_HAL_DRIVER -DSTM32F401xC -DDEBUG -c -I../../../Inc -I../../../Drivers/STM32F4xx_HAL_Driver/Inc -I../../../Drivers/STM32F4xx_HAL_Driver/Inc/Legacy -I../../../Middlewares/ST/STM32_USB_Device_Library/Core/Inc -I../../../Middlewares/ST/STM32_USB_Device_Library/Class/CDC/Inc -I../../../Drivers/CMSIS/Include -I../../../Drivers/CMSIS/Device/ST/STM32F4xx/Include -I../../../Drivers/BSP/Board -I../../../Drivers/BSP/Components/lis3mdl -I../../../Drivers/BSP/Components/lps25hb -I../../../Drivers/BSP/Components/Common -I../../../Drivers/BSP/Components/lsm6dsl -I../../../Drivers/BSP/Components/lps22hb -I../../../Drivers/BSP/Components/lsm303agr -I../../../Drivers/BSP/STEVAL_FCU001_V1 -I../../../Drivers/BSP/Components/lis2mdl -I../../../Middlewares/ST/STM32_BlueNRG/SimpleBlueNRG_HCI/includes -I../../../Drivers/BSP/Components/spbtlerf -O0 -ffunction-sections -fdata-sections -Wall -fstack-usage -MMD -MP -MF"Application/User/flight_control.d" -MT"Application/User/flight_control.o" --specs=nano.specs -mfpu=fpv4-sp-d16 -mfloat-abi=hard -mthumb -o "Application/User/flight_control.o"
arm-none-eabi-gcc -c "C:/Users/vlad/Desktop/Hands-on 6/Official release - 170120/Src/main.c" -mcpu=cortex-m4 -std=gnu11 -g3 -DUSE_HAL_DRIVER -DSTM32F401xC -DDEBUG -c -I../../../Inc -I../../../Drivers/STM32F4xx_HAL_Driver/Inc -I../../../Drivers/STM32F4xx_HAL_Driver/Inc/Legacy -I../../../Middlewares/ST/STM32_USB_Device_Library/Core/Inc -I../../../Middlewares/ST/STM32_USB_Device_Library/Class/CDC/Inc -I../../../Drivers/CMSIS/Include -I../../../Drivers/CMSIS/Device/ST/STM32F4xx/Include -I../../../Drivers/BSP/Board -I../../../Drivers/BSP/Components/lis3mdl -I../../../Drivers/BSP/Components/lps25hb -I../../../Drivers/BSP/Components/Common -I../../../Drivers/BSP/Components/lsm6dsl -I../../../Drivers/BSP/Components/lps22hb -I../../../Drivers/BSP/Components/lsm303agr -I../../../Drivers/BSP/STEVAL_FCU001_V1 -I../../../Drivers/BSP/Components/lis2mdl -I../../../Middlewares/ST/STM32_BlueNRG/SimpleBlueNRG_HCI/includes -I../../../Drivers/BSP/Components/spbtlerf -O0 -ffunction-sections -fdata-sections -Wall -fstack-usage -MMD -MP -MF"Application/User/main.d" -MT"Application/User/main.o" --specs=nano.specs -mfpu=fpv4-sp-d16 -mfloat-abi=hard -mthumb -o "Application/User/main.o"
arm-none-eabi-gcc -c "C:/Users/vlad/Desktop/Hands-on 6/Official release - 170120/Src/motor.c" -mcpu=cortex-m4 -std=gnu11 -g3 -DUSE_HAL_DRIVER -DSTM32F401xC -DDEBUG -c -I../../../Inc -I../../../Drivers/STM32F4xx_HAL_Driver/Inc -I../../../Drivers/STM32F4xx_HAL_Driver/Inc/Legacy -I../../../Middlewares/ST/STM32_USB_Device_Library/Core/Inc -I../../../Middlewares/ST/STM32_USB_Device_Library/Class/CDC/Inc -I../../../Drivers/CMSIS/Include -I../../../Drivers/CMSIS/Device/ST/STM32F4xx/Include -I../../../Drivers/BSP/Board -I../../../Drivers/BSP/Components/lis3mdl -I../../../Drivers/BSP/Components/lps25hb -I../../../Drivers/BSP/Components/Common -I../../../Drivers/BSP/Components/lsm6dsl -I../../../Drivers/BSP/Components/lps22hb -I../../../Drivers/BSP/Components/lsm303agr -I../../../Drivers/BSP/STEVAL_FCU001_V1 -I../../../Drivers/BSP/Components/lis2mdl -I../../../Middlewares/ST/STM32_BlueNRG/SimpleBlueNRG_HCI/includes -I../../../Drivers/BSP/Components/spbtlerf -O0 -ffunction-sections -fdata-sections -Wall -fstack-usage -MMD -MP -MF"Application/User/motor.d" -MT"Application/User/motor.o" --specs=nano.specs -mfpu=fpv4-sp-d16 -mfloat-abi=hard -mthumb -o "Application/User/motor.o"
arm-none-eabi-gcc -c "C:/Users/vlad/Desktop/Hands-on 6/Official release - 170120/Src/quaternion.c" -mcpu=cortex-m4 -std=gnu11 -g3 -DUSE_HAL_DRIVER -DSTM32F401xC -DDEBUG -c -I../../../Inc -I../../../Drivers/STM32F4xx_HAL_Driver/Inc -I../../../Drivers/STM32F4xx_HAL_Driver/Inc/Legacy -I../../../Middlewares/ST/STM32_USB_Device_Library/Core/Inc -I../../../Middlewares/ST/STM32_USB_Device_Library/Class/CDC/Inc -I../../../Drivers/CMSIS/Include -I../../../Drivers/CMSIS/Device/ST/STM32F4xx/Include -I../../../Drivers/BSP/Board -I../../../Drivers/BSP/Components/lis3mdl -I../../../Drivers/BSP/Components/lps25hb -I../../../Drivers/BSP/Components/Common -I../../../Drivers/BSP/Components/lsm6dsl -I../../../Drivers/BSP/Components/lps22hb -I../../../Drivers/BSP/Components/lsm303agr -I../../../Drivers/BSP/STEVAL_FCU001_V1 -I../../../Drivers/BSP/Components/lis2mdl -I../../../Middlewares/ST/STM32_BlueNRG/SimpleBlueNRG_HCI/includes -I../../../Drivers/BSP/Components/spbtlerf -O0 -ffunction-sections -fdata-sections -Wall -fstack-usage -MMD -MP -MF"Application/User/quaternion.d" -MT"Application/User/quaternion.o" --specs=nano.specs -mfpu=fpv4-sp-d16 -mfloat-abi=hard -mthumb -o "Application/User/quaternion.o"
arm-none-eabi-gcc -c "C:/Users/vlad/Desktop/Hands-on 6/Official release - 170120/Src/rc.c" -mcpu=cortex-m4 -std=gnu11 -g3 -DUSE_HAL_DRIVER -DSTM32F401xC -DDEBUG -c -I../../../Inc -I../../../Drivers/STM32F4xx_HAL_Driver/Inc -I../../../Drivers/STM32F4xx_HAL_Driver/Inc/Legacy -I../../../Middlewares/ST/STM32_USB_Device_Library/Core/Inc -I../../../Middlewares/ST/STM32_USB_Device_Library/Class/CDC/Inc -I../../../Drivers/CMSIS/Include -I../../../Drivers/CMSIS/Device/ST/STM32F4xx/Include -I../../../Drivers/BSP/Board -I../../../Drivers/BSP/Components/lis3mdl -I../../../Drivers/BSP/Components/lps25hb -I../../../Drivers/BSP/Components/Common -I../../../Drivers/BSP/Components/lsm6dsl -I../../../Drivers/BSP/Components/lps22hb -I../../../Drivers/BSP/Components/lsm303agr -I../../../Drivers/BSP/STEVAL_FCU001_V1 -I../../../Drivers/BSP/Components/lis2mdl -I../../../Middlewares/ST/STM32_BlueNRG/SimpleBlueNRG_HCI/includes -I../../../Drivers/BSP/Components/spbtlerf -O0 -ffunction-sections -fdata-sections -Wall -fstack-usage -MMD -MP -MF"Application/User/rc.d" -MT"Application/User/rc.o" --specs=nano.specs -mfpu=fpv4-sp-d16 -mfloat-abi=hard -mthumb -o "Application/User/rc.o"
arm-none-eabi-gcc -c "C:/Users/vlad/Desktop/Hands-on 6/Official release - 170120/Src/sensor_data.c" -mcpu=cortex-m4 -std=gnu11 -g3 -DUSE_HAL_DRIVER -DSTM32F401xC -DDEBUG -c -I../../../Inc -I../../../Drivers/STM32F4xx_HAL_Driver/Inc -I../../../Drivers/STM32F4xx_HAL_Driver/Inc/Legacy -I../../../Middlewares/ST/STM32_USB_Device_Library/Core/Inc -I../../../Middlewares/ST/STM32_USB_Device_Library/Class/CDC/Inc -I../../../Drivers/CMSIS/Include -I../../../Drivers/CMSIS/Device/ST/STM32F4xx/Include -I../../../Drivers/BSP/Board -I../../../Drivers/BSP/Components/lis3mdl -I../../../Drivers/BSP/Components/lps25hb -I../../../Drivers/BSP/Components/Common -I../../../Drivers/BSP/Components/lsm6dsl -I../../../Drivers/BSP/Components/lps22hb -I../../../Drivers/BSP/Components/lsm303agr -I../../../Drivers/BSP/STEVAL_FCU001_V1 -I../../../Drivers/BSP/Components/lis2mdl -I../../../Middlewares/ST/STM32_BlueNRG/SimpleBlueNRG_HCI/includes -I../../../Drivers/BSP/Components/spbtlerf -O0 -ffunction-sections -fdata-sections -Wall -fstack-usage -MMD -MP -MF"Application/User/sensor_data.d" -MT"Application/User/sensor_data.o" --specs=nano.specs -mfpu=fpv4-sp-d16 -mfloat-abi=hard -mthumb -o "Application/User/sensor_data.o"
arm-none-eabi-gcc -c "C:/Users/vlad/Desktop/Hands-on 6/Official release - 170120/Src/sensor_service.c" -mcpu=cortex-m4 -std=gnu11 -g3 -DUSE_HAL_DRIVER -DSTM32F401xC -DDEBUG -c -I../../../Inc -I../../../Drivers/STM32F4xx_HAL_Driver/Inc -I../../../Drivers/STM32F4xx_HAL_Driver/Inc/Legacy -I../../../Middlewares/ST/STM32_USB_Device_Library/Core/Inc -I../../../Middlewares/ST/STM32_USB_Device_Library/Class/CDC/Inc -I../../../Drivers/CMSIS/Include -I../../../Drivers/CMSIS/Device/ST/STM32F4xx/Include -I../../../Drivers/BSP/Board -I../../../Drivers/BSP/Components/lis3mdl -I../../../Drivers/BSP/Components/lps25hb -I../../../Drivers/BSP/Components/Common -I../../../Drivers/BSP/Components/lsm6dsl -I../../../Drivers/BSP/Components/lps22hb -I../../../Drivers/BSP/Components/lsm303agr -I../../../Drivers/BSP/STEVAL_FCU001_V1 -I../../../Drivers/BSP/Components/lis2mdl -I../../../Middlewares/ST/STM32_BlueNRG/SimpleBlueNRG_HCI/includes -I../../../Drivers/BSP/Components/spbtlerf -O0 -ffunction-sections -fdata-sections -Wall -fstack-usage -MMD -MP -MF"Application/User/sensor_service.d" -MT"Application/User/sensor_service.o" --specs=nano.specs -mfpu=fpv4-sp-d16 -mfloat-abi=hard -mthumb -o "Application/User/sensor_service.o"
arm-none-eabi-gcc -c "C:/Users/vlad/Desktop/Hands-on 6/Official release - 170120/Src/stm32f4xx_hal_msp.c" -mcpu=cortex-m4 -std=gnu11 -g3 -DUSE_HAL_DRIVER -DSTM32F401xC -DDEBUG -c -I../../../Inc -I../../../Drivers/STM32F4xx_HAL_Driver/Inc -I../../../Drivers/STM32F4xx_HAL_Driver/Inc/Legacy -I../../../Middlewares/ST/STM32_USB_Device_Library/Core/Inc -I../../../Middlewares/ST/STM32_USB_Device_Library/Class/CDC/Inc -I../../../Drivers/CMSIS/Include -I../../../Drivers/CMSIS/Device/ST/STM32F4xx/Include -I../../../Drivers/BSP/Board -I../../../Drivers/BSP/Components/lis3mdl -I../../../Drivers/BSP/Components/lps25hb -I../../../Drivers/BSP/Components/Common -I../../../Drivers/BSP/Components/lsm6dsl -I../../../Drivers/BSP/Components/lps22hb -I../../../Drivers/BSP/Components/lsm303agr -I../../../Drivers/BSP/STEVAL_FCU001_V1 -I../../../Drivers/BSP/Components/lis2mdl -I../../../Middlewares/ST/STM32_BlueNRG/SimpleBlueNRG_HCI/includes -I../../../Drivers/BSP/Components/spbtlerf -O0 -ffunction-sections -fdata-sections -Wall -fstack-usage -MMD -MP -MF"Application/User/stm32f4xx_hal_msp.d" -MT"Application/User/stm32f4xx_hal_msp.o" --specs=nano.specs -mfpu=fpv4-sp-d16 -mfloat-abi=hard -mthumb -o "Application/User/stm32f4xx_hal_msp.o"
arm-none-eabi-gcc -c "C:/Users/vlad/Desktop/Hands-on 6/Official release - 170120/Src/stm32f4xx_it.c" -mcpu=cortex-m4 -std=gnu11 -g3 -DUSE_HAL_DRIVER -DSTM32F401xC -DDEBUG -c -I../../../Inc -I../../../Drivers/STM32F4xx_HAL_Driver/Inc -I../../../Drivers/STM32F4xx_HAL_Driver/Inc/Legacy -I../../../Middlewares/ST/STM32_USB_Device_Library/Core/Inc -I../../../Middlewares/ST/STM32_USB_Device_Library/Class/CDC/Inc -I../../../Drivers/CMSIS/Include -I../../../Drivers/CMSIS/Device/ST/STM32F4xx/Include -I../../../Drivers/BSP/Board -I../../../Drivers/BSP/Components/lis3mdl -I../../../Drivers/BSP/Components/lps25hb -I../../../Drivers/BSP/Components/Common -I../../../Drivers/BSP/Components/lsm6dsl -I../../../Drivers/BSP/Components/lps22hb -I../../../Drivers/BSP/Components/lsm303agr -I../../../Drivers/BSP/STEVAL_FCU001_V1 -I../../../Drivers/BSP/Components/lis2mdl -I../../../Middlewares/ST/STM32_BlueNRG/SimpleBlueNRG_HCI/includes -I../../../Drivers/BSP/Components/spbtlerf -O0 -ffunction-sections -fdata-sections -Wall -fstack-usage -MMD -MP -MF"Application/User/stm32f4xx_it.d" -MT"Application/User/stm32f4xx_it.o" --specs=nano.specs -mfpu=fpv4-sp-d16 -mfloat-abi=hard -mthumb -o "Application/User/stm32f4xx_it.o"
arm-none-eabi-gcc -c "C:/Users/vlad/Desktop/Hands-on 6/Official release - 170120/Src/timer.c" -mcpu=cortex-m4 -std=gnu11 -g3 -DUSE_HAL_DRIVER -DSTM32F401xC -DDEBUG -c -I../../../Inc -I../../../Drivers/STM32F4xx_HAL_Driver/Inc -I../../../Drivers/STM32F4xx_HAL_Driver/Inc/Legacy -I../../../Middlewares/ST/STM32_USB_Device_Library/Core/Inc -I../../../Middlewares/ST/STM32_USB_Device_Library/Class/CDC/Inc -I../../../Drivers/CMSIS/Include -I../../../Drivers/CMSIS/Device/ST/STM32F4xx/Include -I../../../Drivers/BSP/Board -I../../../Drivers/BSP/Components/lis3mdl -I../../../Drivers/BSP/Components/lps25hb -I../../../Drivers/BSP/Components/Common -I../../../Drivers/BSP/Components/lsm6dsl -I../../../Drivers/BSP/Components/lps22hb -I../../../Drivers/BSP/Components/lsm303agr -I../../../Drivers/BSP/STEVAL_FCU001_V1 -I../../../Drivers/BSP/Components/lis2mdl -I../../../Middlewares/ST/STM32_BlueNRG/SimpleBlueNRG_HCI/includes -I../../../Drivers/BSP/Components/spbtlerf -O0 -ffunction-sections -fdata-sections -Wall -fstack-usage -MMD -MP -MF"Application/User/timer.d" -MT"Application/User/timer.o" --specs=nano.specs -mfpu=fpv4-sp-d16 -mfloat-abi=hard -mthumb -o "Application/User/timer.o"
arm-none-eabi-gcc -c "C:/Users/vlad/Desktop/Hands-on 6/Official release - 170120/Src/usb_device.c" -mcpu=cortex-m4 -std=gnu11 -g3 -DUSE_HAL_DRIVER -DSTM32F401xC -DDEBUG -c -I../../../Inc -I../../../Drivers/STM32F4xx_HAL_Driver/Inc -I../../../Drivers/STM32F4xx_HAL_Driver/Inc/Legacy -I../../../Middlewares/ST/STM32_USB_Device_Library/Core/Inc -I../../../Middlewares/ST/STM32_USB_Device_Library/Class/CDC/Inc -I../../../Drivers/CMSIS/Include -I../../../Drivers/CMSIS/Device/ST/STM32F4xx/Include -I../../../Drivers/BSP/Board -I../../../Drivers/BSP/Components/lis3mdl -I../../../Drivers/BSP/Components/lps25hb -I../../../Drivers/BSP/Components/Common -I../../../Drivers/BSP/Components/lsm6dsl -I../../../Drivers/BSP/Components/lps22hb -I../../../Drivers/BSP/Components/lsm303agr -I../../../Drivers/BSP/STEVAL_FCU001_V1 -I../../../Drivers/BSP/Components/lis2mdl -I../../../Middlewares/ST/STM32_BlueNRG/SimpleBlueNRG_HCI/includes -I../../../Drivers/BSP/Components/spbtlerf -O0 -ffunction-sections -fdata-sections -Wall -fstack-usage -MMD -MP -MF"Application/User/usb_device.d" -MT"Application/User/usb_device.o" --specs=nano.specs -mfpu=fpv4-sp-d16 -mfloat-abi=hard -mthumb -o "Application/User/usb_device.o"
arm-none-eabi-gcc -c "C:/Users/vlad/Desktop/Hands-on 6/Official release - 170120/Src/usbd_cdc_if.c" -mcpu=cortex-m4 -std=gnu11 -g3 -DUSE_HAL_DRIVER -DSTM32F401xC -DDEBUG -c -I../../../Inc -I../../../Drivers/STM32F4xx_HAL_Driver/Inc -I../../../Drivers/STM32F4xx_HAL_Driver/Inc/Legacy -I../../../Middlewares/ST/STM32_USB_Device_Library/Core/Inc -I../../../Middlewares/ST/STM32_USB_Device_Library/Class/CDC/Inc -I../../../Drivers/CMSIS/Include -I../../../Drivers/CMSIS/Device/ST/STM32F4xx/Include -I../../../Drivers/BSP/Board -I../../../Drivers/BSP/Components/lis3mdl -I../../../Drivers/BSP/Components/lps25hb -I../../../Drivers/BSP/Components/Common -I../../../Drivers/BSP/Components/lsm6dsl -I../../../Drivers/BSP/Components/lps22hb -I../../../Drivers/BSP/Components/lsm303agr -I../../../Drivers/BSP/STEVAL_FCU001_V1 -I../../../Drivers/BSP/Components/lis2mdl -I../../../Middlewares/ST/STM32_BlueNRG/SimpleBlueNRG_HCI/includes -I../../../Drivers/BSP/Components/spbtlerf -O0 -ffunction-sections -fdata-sections -Wall -fstack-usage -MMD -MP -MF"Application/User/usbd_cdc_if.d" -MT"Application/User/usbd_cdc_if.o" --specs=nano.specs -mfpu=fpv4-sp-d16 -mfloat-abi=hard -mthumb -o "Application/User/usbd_cdc_if.o"
arm-none-eabi-gcc -c "C:/Users/vlad/Desktop/Hands-on 6/Official release - 170120/Src/usbd_conf.c" -mcpu=cortex-m4 -std=gnu11 -g3 -DUSE_HAL_DRIVER -DSTM32F401xC -DDEBUG -c -I../../../Inc -I../../../Drivers/STM32F4xx_HAL_Driver/Inc -I../../../Drivers/STM32F4xx_HAL_Driver/Inc/Legacy -I../../../Middlewares/ST/STM32_USB_Device_Library/Core/Inc -I../../../Middlewares/ST/STM32_USB_Device_Library/Class/CDC/Inc -I../../../Drivers/CMSIS/Include -I../../../Drivers/CMSIS/Device/ST/STM32F4xx/Include -I../../../Drivers/BSP/Board -I../../../Drivers/BSP/Components/lis3mdl -I../../../Drivers/BSP/Components/lps25hb -I../../../Drivers/BSP/Components/Common -I../../../Drivers/BSP/Components/lsm6dsl -I../../../Drivers/BSP/Components/lps22hb -I../../../Drivers/BSP/Components/lsm303agr -I../../../Drivers/BSP/STEVAL_FCU001_V1 -I../../../Drivers/BSP/Components/lis2mdl -I../../../Middlewares/ST/STM32_BlueNRG/SimpleBlueNRG_HCI/includes -I../../../Drivers/BSP/Components/spbtlerf -O0 -ffunction-sections -fdata-sections -Wall -fstack-usage -MMD -MP -MF"Application/User/usbd_conf.d" -MT"Application/User/usbd_conf.o" --specs=nano.specs -mfpu=fpv4-sp-d16 -mfloat-abi=hard -mthumb -o "Application/User/usbd_conf.o"
arm-none-eabi-gcc -c "C:/Users/vlad/Desktop/Hands-on 6/Official release - 170120/Src/usbd_desc.c" -mcpu=cortex-m4 -std=gnu11 -g3 -DUSE_HAL_DRIVER -DSTM32F401xC -DDEBUG -c -I../../../Inc -I../../../Drivers/STM32F4xx_HAL_Driver/Inc -I../../../Drivers/STM32F4xx_HAL_Driver/Inc/Legacy -I../../../Middlewares/ST/STM32_USB_Device_Library/Core/Inc -I../../../Middlewares/ST/STM32_USB_Device_Library/Class/CDC/Inc -I../../../Drivers/CMSIS/Include -I../../../Drivers/CMSIS/Device/ST/STM32F4xx/Include -I../../../Drivers/BSP/Board -I../../../Drivers/BSP/Components/lis3mdl -I../../../Drivers/BSP/Components/lps25hb -I../../../Drivers/BSP/Components/Common -I../../../Drivers/BSP/Components/lsm6dsl -I../../../Drivers/BSP/Components/lps22hb -I../../../Drivers/BSP/Components/lsm303agr -I../../../Drivers/BSP/STEVAL_FCU001_V1 -I../../../Drivers/BSP/Components/lis2mdl -I../../../Middlewares/ST/STM32_BlueNRG/SimpleBlueNRG_HCI/includes -I../../../Drivers/BSP/Components/spbtlerf -O0 -ffunction-sections -fdata-sections -Wall -fstack-usage -MMD -MP -MF"Application/User/usbd_desc.d" -MT"Application/User/usbd_desc.o" --specs=nano.specs -mfpu=fpv4-sp-d16 -mfloat-abi=hard -mthumb -o "Application/User/usbd_desc.o"
arm-none-eabi-gcc -c -mcpu=cortex-m4 -g3 -c -Wa,-W -x assembler-with-cpp -MMD -MP -MF"Application/startup_stm32f401xc.d" -MT"Application/startup_stm32f401xc.o" --specs=nano.specs -mfpu=fpv4-sp-d16 -mfloat-abi=hard -mthumb -o "Application/startup_stm32f401xc.o" "C:/Users/vlad/Desktop/Hands-on 6/Official release - 170120/Drivers/CMSIS/Device/ST/STM32F4xx/Source/Templates/gcc/startup_stm32f401xc.s"
arm-none-eabi-gcc -o "STEVAL-FCU.elf" @"objects.list"   -mcpu=cortex-m4 -T"../STM32F401VC_FLASH.ld" --specs=nosys.specs -Wl,-Map="STEVAL-FCU.map" -Wl,--gc-sections -static --specs=nano.specs -mfpu=fpv4-sp-d16 -mfloat-abi=hard -mthumb -Wl,--start-group -lc -lm -Wl,--end-group
Finished building target: STEVAL-FCU.elf
 
arm-none-eabi-size   STEVAL-FCU.elf 
   text	   data	    bss	    dec	    hex	filename
  98700	    780	  37276	 136756	  21634	STEVAL-FCU.elf
Finished building: default.size.stdout
 
arm-none-eabi-objdump -h -S  STEVAL-FCU.elf  > "STEVAL-FCU.list"
Finished building: STEVAL-FCU.list
 
arm-none-eabi-objcopy  -O binary  STEVAL-FCU.elf  "STEVAL-FCU.bin"
Finished building: STEVAL-FCU.bin
 
07:56:10 **** Clean-only build of configuration Debug for project STEVAL-FCU ****
make clean 
rm -rf *
 
